Component: Arm Compiler for Embedded 6.22 Tool: armlink [5ee90200]

==============================================================================

Section Cross References

    startup_stm32f427xx.o(STACK) refers (Special) to heapauxi.o(.text) for __use_two_region_memory
    startup_stm32f427xx.o(HEAP) refers (Special) to heapauxi.o(.text) for __use_two_region_memory
    startup_stm32f427xx.o(RESET) refers (Special) to heapauxi.o(.text) for __use_two_region_memory
    startup_stm32f427xx.o(RESET) refers to startup_stm32f427xx.o(STACK) for __initial_sp
    startup_stm32f427xx.o(RESET) refers to startup_stm32f427xx.o(.text) for Reset_Handler
    startup_stm32f427xx.o(RESET) refers to stm32f4xx_it.o(.text.NMI_Handler) for NMI_Handler
    startup_stm32f427xx.o(RESET) refers to stm32f4xx_it.o(.text.HardFault_Handler) for HardFault_Handler
    startup_stm32f427xx.o(RESET) refers to stm32f4xx_it.o(.text.MemManage_Handler) for MemManage_Handler
    startup_stm32f427xx.o(RESET) refers to stm32f4xx_it.o(.text.BusFault_Handler) for BusFault_Handler
    startup_stm32f427xx.o(RESET) refers to stm32f4xx_it.o(.text.UsageFault_Handler) for UsageFault_Handler
    startup_stm32f427xx.o(RESET) refers to port.o(.text.SVC_Handler) for SVC_Handler
    startup_stm32f427xx.o(RESET) refers to stm32f4xx_it.o(.text.DebugMon_Handler) for DebugMon_Handler
    startup_stm32f427xx.o(RESET) refers to port.o(.text.PendSV_Handler) for PendSV_Handler
    startup_stm32f427xx.o(RESET) refers to port.o(.text.SysTick_Handler) for SysTick_Handler
    startup_stm32f427xx.o(RESET) refers to stm32f4xx_it.o(.text.DMA1_Stream0_IRQHandler) for DMA1_Stream0_IRQHandler
    startup_stm32f427xx.o(RESET) refers to stm32f4xx_it.o(.text.DMA1_Stream1_IRQHandler) for DMA1_Stream1_IRQHandler
    startup_stm32f427xx.o(RESET) refers to stm32f4xx_it.o(.text.DMA1_Stream3_IRQHandler) for DMA1_Stream3_IRQHandler
    startup_stm32f427xx.o(RESET) refers to stm32f4xx_it.o(.text.DMA1_Stream6_IRQHandler) for DMA1_Stream6_IRQHandler
    startup_stm32f427xx.o(RESET) refers to stm32f4xx_it.o(.text.CAN1_TX_IRQHandler) for CAN1_TX_IRQHandler
    startup_stm32f427xx.o(RESET) refers to stm32f4xx_it.o(.text.CAN1_RX0_IRQHandler) for CAN1_RX0_IRQHandler
    startup_stm32f427xx.o(RESET) refers to stm32f4xx_it.o(.text.CAN1_RX1_IRQHandler) for CAN1_RX1_IRQHandler
    startup_stm32f427xx.o(RESET) refers to stm32f4xx_it.o(.text.CAN1_SCE_IRQHandler) for CAN1_SCE_IRQHandler
    startup_stm32f427xx.o(RESET) refers to stm32f4xx_it.o(.text.TIM1_UP_TIM10_IRQHandler) for TIM1_UP_TIM10_IRQHandler
    startup_stm32f427xx.o(RESET) refers to stm32f4xx_it.o(.text.TIM2_IRQHandler) for TIM2_IRQHandler
    startup_stm32f427xx.o(RESET) refers to stm32f4xx_it.o(.text.TIM8_BRK_TIM12_IRQHandler) for TIM8_BRK_TIM12_IRQHandler
    startup_stm32f427xx.o(RESET) refers to stm32f4xx_it.o(.text.TIM5_IRQHandler) for TIM5_IRQHandler
    startup_stm32f427xx.o(RESET) refers to stm32f4xx_it.o(.text.DMA2_Stream1_IRQHandler) for DMA2_Stream1_IRQHandler
    startup_stm32f427xx.o(RESET) refers to stm32f4xx_it.o(.text.CAN2_TX_IRQHandler) for CAN2_TX_IRQHandler
    startup_stm32f427xx.o(RESET) refers to stm32f4xx_it.o(.text.CAN2_RX0_IRQHandler) for CAN2_RX0_IRQHandler
    startup_stm32f427xx.o(RESET) refers to stm32f4xx_it.o(.text.CAN2_RX1_IRQHandler) for CAN2_RX1_IRQHandler
    startup_stm32f427xx.o(RESET) refers to stm32f4xx_it.o(.text.CAN2_SCE_IRQHandler) for CAN2_SCE_IRQHandler
    startup_stm32f427xx.o(RESET) refers to stm32f4xx_it.o(.text.DMA2_Stream6_IRQHandler) for DMA2_Stream6_IRQHandler
    startup_stm32f427xx.o(RESET) refers to stm32f4xx_it.o(.text.USART6_IRQHandler) for USART6_IRQHandler
    startup_stm32f427xx.o(RESET) refers to stm32f4xx_it.o(.text.UART7_IRQHandler) for UART7_IRQHandler
    startup_stm32f427xx.o(RESET) refers to stm32f4xx_it.o(.text.UART8_IRQHandler) for UART8_IRQHandler
    startup_stm32f427xx.o(.text) refers (Special) to heapauxi.o(.text) for __use_two_region_memory
    startup_stm32f427xx.o(.text) refers to system_stm32f4xx.o(.text.SystemInit) for SystemInit
    startup_stm32f427xx.o(.text) refers to __main.o(!!!main) for __main
    startup_stm32f427xx.o(.text) refers to startup_stm32f427xx.o(HEAP) for Heap_Mem
    startup_stm32f427xx.o(.text) refers to startup_stm32f427xx.o(STACK) for Stack_Mem
    main.o(.text.main) refers to stm32f4xx_hal.o(.text.HAL_Init) for HAL_Init
    main.o(.text.main) refers to main.o(.text.SystemClock_Config) for SystemClock_Config
    main.o(.text.main) refers to gpio.o(.text.MX_GPIO_Init) for MX_GPIO_Init
    main.o(.text.main) refers to dma.o(.text.MX_DMA_Init) for MX_DMA_Init
    main.o(.text.main) refers to can.o(.text.MX_CAN1_Init) for MX_CAN1_Init
    main.o(.text.main) refers to can.o(.text.MX_CAN2_Init) for MX_CAN2_Init
    main.o(.text.main) refers to usart.o(.text.MX_USART6_UART_Init) for MX_USART6_UART_Init
    main.o(.text.main) refers to usart.o(.text.MX_UART7_Init) for MX_UART7_Init
[...]
    HAL_TIM_PWM_Start_IT                     0x0800397d   Thumb Code   572  stm32f4xx_hal_tim.o(.text.HAL_TIM_PWM_Start_IT)
    HAL_TIM_PeriodElapsedCallback            0x08003bb9   Thumb Code    62  main.o(.text.HAL_TIM_PeriodElapsedCallback)
    HAL_TIM_TriggerCallback                  0x08003bf9   Thumb Code     8  stm32f4xx_hal_tim.o(.text.HAL_TIM_TriggerCallback)
    HAL_UARTEx_ReceiveToIdle_DMA             0x08003c01   Thumb Code   184  stm32f4xx_hal_uart.o(.text.HAL_UARTEx_ReceiveToIdle_DMA)
    HAL_UARTEx_RxEventCallback               0x08003cb9   Thumb Code   152  serialcallback.o(.text.HAL_UARTEx_RxEventCallback)
    HAL_UART_ErrorCallback                   0x08003d51   Thumb Code   126  serialcallback.o(.text.HAL_UART_ErrorCallback)
    HAL_UART_GetError                        0x08003dd1   Thumb Code    12  stm32f4xx_hal_uart.o(.text.HAL_UART_GetError)
    HAL_UART_IRQHandler                      0x08003ddd   Thumb Code  1116  stm32f4xx_hal_uart.o(.text.HAL_UART_IRQHandler)
    HAL_UART_Init                            0x08004239   Thumb Code   158  stm32f4xx_hal_uart.o(.text.HAL_UART_Init)
    HAL_UART_MspInit                         0x080042d9   Thumb Code   958  usart.o(.text.HAL_UART_MspInit)
    HAL_UART_RxCpltCallback                  0x08004699   Thumb Code     8  stm32f4xx_hal_uart.o(.text.HAL_UART_RxCpltCallback)
    HAL_UART_RxHalfCpltCallback              0x080046a1   Thumb Code     8  stm32f4xx_hal_uart.o(.text.HAL_UART_RxHalfCpltCallback)
    HAL_UART_Transmit_DMA                    0x080046a9   Thumb Code   252  stm32f4xx_hal_uart.o(.text.HAL_UART_Transmit_DMA)
    HAL_UART_TxCpltCallback                  0x080047a5   Thumb Code     8  stm32f4xx_hal_uart.o(.text.HAL_UART_TxCpltCallback)
    HAL_UART_TxHalfCpltCallback              0x080047ad   Thumb Code     8  stm32f4xx_hal_uart.o(.text.HAL_UART_TxHalfCpltCallback)
    HardFault_Handler                        0x080047b5   Thumb Code     4  stm32f4xx_it.o(.text.HardFault_Handler)
    Invoke                                   0x080047b9   Thumb Code   904  invoke.o(.text.Invoke)
    MX_CAN1_Init                             0x08004b45   Thumb Code    78  can.o(.text.MX_CAN1_Init)
    MX_CAN2_Init                             0x08004b95   Thumb Code    78  can.o(.text.MX_CAN2_Init)
    MX_DMA_Init                              0x08004be5   Thumb Code   188  dma.o(.text.MX_DMA_Init)
    MX_FREERTOS_Init                         0x08004ca1   Thumb Code   196  freertos.o(.text.MX_FREERTOS_Init)
    MX_GPIO_Init                             0x08004d65   Thumb Code   210  gpio.o(.text.MX_GPIO_Init)
    MX_TIM12_Init                            0x08004e39   Thumb Code   122  tim.o(.text.MX_TIM12_Init)
    MX_TIM2_Init                             0x08004eb5   Thumb Code   152  tim.o(.text.MX_TIM2_Init)
    MX_TIM5_Init                             0x08004f4d   Thumb Code   156  tim.o(.text.MX_TIM5_Init)
    MX_UART7_Init                            0x08004fe9   Thumb Code    64  usart.o(.text.MX_UART7_Init)
    MX_UART8_Init                            0x08005029   Thumb Code    64  usart.o(.text.MX_UART8_Init)
    MX_USART6_UART_Init                      0x08005069   Thumb Code    64  usart.o(.text.MX_USART6_UART_Init)
    MemManage_Handler                        0x080050a9   Thumb Code     4  stm32f4xx_it.o(.text.MemManage_Handler)
    NMI_Handler                              0x080050ad   Thumb Code     4  stm32f4xx_it.o(.text.NMI_Handler)
    PendSV_Handler                           0x08005121   Thumb Code   100  port.o(.text.PendSV_Handler)
    Restart                                  0x08005185   Thumb Code    68  boardcommunication_atoc.o(.text.Restart)
    RxEventCallback                          0x080051c9   Thumb Code    88  serialcallback.o(.text.RxEventCallback)
    SVC_Handler                              0x08005221   Thumb Code    36  port.o(.text.SVC_Handler)
    StartDefaultTask                         0x08005245   Thumb Code    16  freertos.o(.text.StartDefaultTask)
    StartTask03                              0x08005255   Thumb Code   150  taskprocess.o(.text.StartTask03)
    SysTick_Handler                          0x080052ed   Thumb Code    46  port.o(.text.SysTick_Handler)
    SystemClock_Config                       0x0800531d   Thumb Code   202  main.o(.text.SystemClock_Config)
    SystemInit                               0x080053e9   Thumb Code    18  system_stm32f4xx.o(.text.SystemInit)
    TIM1_UP_TIM10_IRQHandler                 0x080053fd   Thumb Code    16  stm32f4xx_it.o(.text.TIM1_UP_TIM10_IRQHandler)
    TIM2_IRQHandler                          0x0800540d   Thumb Code    16  stm32f4xx_it.o(.text.TIM2_IRQHandler)
    TIM5_IRQHandler                          0x0800541d   Thumb Code    16  stm32f4xx_it.o(.text.TIM5_IRQHandler)
    TIM8_BRK_TIM12_IRQHandler                0x0800542d   Thumb Code    16  stm32f4xx_it.o(.text.TIM8_BRK_TIM12_IRQHandler)
    TIM_Base_SetConfig                       0x0800543d   Thumb Code   420  stm32f4xx_hal_tim.o(.text.TIM_Base_SetConfig)
    TIM_CCxChannelCmd                        0x080055e1   Thumb Code    54  stm32f4xx_hal_tim.o(.text.TIM_CCxChannelCmd)
    TIM_OC2_SetConfig                        0x08005705   Thumb Code   244  stm32f4xx_hal_tim.o(.text.TIM_OC2_SetConfig)
    UART7_IRQHandler                         0x08005991   Thumb Code    16  stm32f4xx_it.o(.text.UART7_IRQHandler)
    UART8_IRQHandler                         0x080059a1   Thumb Code    16  stm32f4xx_it.o(.text.UART8_IRQHandler)
    UART_Start_Receive_DMA                   0x08005f9d   Thumb Code   304  stm32f4xx_hal_uart.o(.text.UART_Start_Receive_DMA)
    USART6_IRQHandler                        0x08006161   Thumb Code    16  stm32f4xx_it.o(.text.USART6_IRQHandler)
    UsageFault_Handler                       0x08006171   Thumb Code     4  stm32f4xx_it.o(.text.UsageFault_Handler)
    WGD                                      0x08006175   Thumb Code   160  taskprocess.o(.text.WGD)
    ModeSelection()                          0x08006289   Thumb Code   740  remoteoperation.o(.text._Z13ModeSelectionv)
    RmMotorRxData()                          0x08006599   Thumb Code   162  djimotor.o(.text._Z13RmMotorRxDatav)
    generate_sine(float)                     0x0800663d   Thumb Code   156  remoteoperation.o(.text._Z13generate_sinef)
    DJImotorTX_0x1FF(CAN_HandleTypeDef*)     0x080066e9   Thumb Code    94  djimotor.o(.text._Z16DJImotorTX_0x1FFP17CAN_HandleTypeDef)
    DJImotorTX_0x200(CAN_HandleTypeDef*)     0x08006749   Thumb Code   134  djimotor.o(.text._Z16DJImotorTX_0x200P17CAN_HandleTypeDef)
    DaMiaoMotorRxData()                      0x080067d1   Thumb Code    58  damiao.o(.text._Z17DaMiaoMotorRxDatav)
    StandardizationOfWeightsAndMeasures_DR16() 0x0800680d   Thumb Code   388  remoteoperation.o(.text._Z40StandardizationOfWeightsAndMeasures_DR16v)
    B_IMU()                                  0x08006999   Thumb Code    46  buzzer.o(.text._Z5B_IMUv)
    B_star()                                 0x080069c9   Thumb Code   160  buzzer.o(.text._Z6B_starv)
    B_stop()                                 0x08006a69   Thumb Code   164  buzzer.o(.text._Z6B_stopv)
    Key_Mou()                                0x08006b0d   Thumb Code   136  remoteoperation.o(.text._Z7Key_Mouv)
    Judgment()                               0x08006b99   Thumb Code   356  remoteoperation.o(.text._Z8Judgmentv)
    delay_ms(unsigned int)                   0x08006cfd   Thumb Code    36  buzzer.o(.text._Z8delay_msj)
    Dead_zone()                              0x08006d21   Thumb Code   564  remoteoperation.o(.text._Z9Dead_zonev)
    vofa_send(float, float, float, float, float, float) 0x08006f59   Thumb Code    92  boardcommunication_atoc.o(.text._Z9vofa_sendffffff)
    RemoteOperation::Motortarget::mySaturate(float*, float, float) 0x08006fb5   Thumb Code    80  remoteoperation.o(.text._ZN15RemoteOperation11Motortarget10mySaturateEPfff)
    IMU::IMU_::HI12Recive()                  0x08007005   Thumb Code   764  imu.o(.text._ZN3IMU4IMU_10HI12ReciveEv)
    IMU::IMU_::crc16_update(unsigned short*, unsigned char const*, unsigned int) 0x08007325   Thumb Code   128  imu.o(.text._ZN3IMU4IMU_12crc16_updateEPtPKhj)
    IMU::IMU_::Init16(unsigned char*)        0x080073a5   Thumb Code    22  imu.o(.text._ZN3IMU4IMU_6Init16EPh)
    IMU::IMU_::Init32(unsigned char*)        0x080073bd   Thumb Code    18  imu.o(.text._ZN3IMU4IMU_6Init32EPh)
    IMU::IMU_::Add_angle()                   0x080073d1   Thumb Code   204  imu.o(.text._ZN3IMU4IMU_9Add_angleEv)
    IMU::IMU_::IMU___sub_object()            0x080074ad   Thumb Code    18  imu.o(.text._ZN3IMU4IMU_C2Ev)
    PID::PID_::Double_Ring_PID(float, float, float) 0x080074c1   Thumb Code   462  pid.o(.text._ZN3PID4PID_15Double_Ring_PIDEfff)
    PID::PID_::Zero_crossing_processing(float, float) 0x08007691   Thumb Code   132  pid.o(.text._ZN3PID4PID_24Zero_crossing_processingEff)
    PID::PID_::Limit_max(float*, float)      0x08007725   Thumb Code    88  pid.o(.text._ZN3PID4PID_9Limit_maxEPff)
    PID::PID_::NormalPID(float, float)       0x0800777d   Thumb Code   432  pid.o(.text._ZN3PID4PID_9NormalPIDEff)
    PID::PID_::PID___sub_object(float, float, float, float, float, float, float, float, float, float, float, float) 0x0800792d   Thumb Code   114  pid.o(.text._ZN3PID4PID_C2Effffffffffff)
    PID::PID_::PID___sub_object(unsigned char, float, float, float, float, float, float, float, float) 0x080079a1   Thumb Code    88  pid.o(.text._ZN3PID4PID_C2Ehffffffff)
    ADRC::First_LADRC_::First_LESO(float)    0x080079f9   Thumb Code   118  adrc.o(.text._ZN4ADRC12First_LADRC_10First_LESOEf)
    ADRC::First_LADRC_::First_LSEF()         0x08007a71   Thumb Code    38  adrc.o(.text._ZN4ADRC12First_LADRC_10First_LSEFEv)
    ADRC::First_LADRC_::First_LADRC(float, float) 0x08007a99   Thumb Code   232  adrc.o(.text._ZN4ADRC12First_LADRC_11First_LADRCEff)
    ADRC::First_LADRC_::Limit_max(float*, float) 0x08007b85   Thumb Code    88  adrc.o(.text._ZN4ADRC12First_LADRC_9Limit_maxEPff)
    ADRC::First_LADRC_::First_LADRC___sub_object(float, float, float, float, float, float, float, float, float, float, float) 0x08007bdd   Thumb Code    98  adrc.o(.text._ZN4ADRC12First_LADRC_C2Efffffffffff)
    ADRC::Second_ADRC_::TdFilter(float)      0x08007c41   Thumb Code   106  adrc.o(.text._ZN4ADRC12Second_ADRC_8TdFilterEf)
    ADRC::Second_ADRC_::Second_ADRC___sub_object(float, float, float, float, float) 0x08007cad   Thumb Code    50  adrc.o(.text._ZN4ADRC12Second_ADRC_C2Efffff)
    motor::DaMiaoMotor::DataUpdate(unsigned char*) 0x08007ce1   Thumb Code   156  damiao.o(.text._ZN5motor11DaMiaoMotor10DataUpdateEPh)
    motor::DaMiaoMotor::Disability(CAN_HandleTypeDef*, unsigned short) 0x08007d7d   Thumb Code    90  damiao.o(.text._ZN5motor11DaMiaoMotor10DisabilityEP17CAN_HandleTypeDeft)
    motor::DaMiaoMotor::RemoteInit()         0x08007dd9   Thumb Code    52  damiao.o(.text._ZN5motor11DaMiaoMotor10RemoteInitEv)
    motor::DaMiaoMotor::send_can_message(CAN_HandleTypeDef*, unsigned short, unsigned char const*, unsigned char) 0x08007e0d   Thumb Code   168  damiao.o(.text._ZN5motor11DaMiaoMotor16send_can_messageEP17CAN_HandleTypeDeftPKhh)
    motor::DaMiaoMotor::Enable(CAN_HandleTypeDef*, unsigned short) 0x08007eb5   Thumb Code    90  damiao.o(.text._ZN5motor11DaMiaoMotor6EnableEP17CAN_HandleTypeDeft)
    motor::DaMiaoMotor::ctrl_MIT(CAN_HandleTypeDef*, unsigned short, float, float, float, float, float) 0x08007f11   Thumb Code   304  damiao.o(.text._ZN5motor11DaMiaoMotor8ctrl_MITEP17CAN_HandleTypeDeftfffff)
    motor::DaMiaoMotor::DaMiaoMotor__sub_object(float, float, float, float, float, float, float, float, float, float, unsigned int) 0x08008041   Thumb Code   106  damiao.o(.text._ZN5motor11DaMiaoMotorC2Effffffffffj)
    motor::DJIMotorController::SendMotorData(CAN_HandleTypeDef*, unsigned short, short, short, short, short) 0x080080ad   Thumb Code   134  djimotor.o(.text._ZN5motor18DJIMotorController13SendMotorDataEP17CAN_HandleTypeDeftssss)
    motor::DJIMotorController::send_can_message(CAN_HandleTypeDef*, unsigned short, unsigned char const*, unsigned char) 0x08008135   Thumb Code   168  djimotor.o(.text._ZN5motor18DJIMotorController16send_can_messageEP17CAN_HandleTypeDeftPKhh)
    motor::DJIMotorController::SendMotorData_0x1FF(CAN_HandleTypeDef*, short, short, short, short) 0x080081dd   Thumb Code    82  djimotor.o(.text._ZN5motor18DJIMotorController19SendMotorData_0x1FFEP17CAN_HandleTypeDefssss)
    motor::DJIMotorController::SendMotorData_0x200(CAN_HandleTypeDef*, short, short, short, short) 0x08008231   Thumb Code    82  djimotor.o(.text._ZN5motor18DJIMotorController19SendMotorData_0x200EP17CAN_HandleTypeDefssss)
    motor::DJIMotor::DataUpdate(unsigned char*) 0x08008285   Thumb Code   136  djimotor.o(.text._ZN5motor8DJIMotor10DataUpdateEPh)
    motor::DJIMotor::Add_angle()             0x08008319   Thumb Code   256  djimotor.o(.text._ZN5motor8DJIMotor9Add_angleEv)
    motor::DJIMotor::DJIMotor__sub_object(unsigned int) 0x08008429   Thumb Code    22  djimotor.o(.text._ZN5motor8DJIMotorC2Ej)
    Clicker::DR16::DR16DataUpdata(unsigned char*) 0x08008441   Thumb Code   180  clicker.o(.text._ZN7Clicker4DR1614DR16DataUpdataEPh)
    Clicker::DR16::DR16__sub_object()        0x080084f5   Thumb Code    56  clicker.o(.text._ZN7Clicker4DR16C2Ev)
    feedback::Acceleration::angular_acceleration_feedforward() 0x0800852d   Thumb Code    48  feedback.o(.text._ZN8feedback12Acceleration32angular_acceleration_feedforwardEv)
    feedback::Acceleration::Acceleration__sub_object() 0x08008561   Thumb Code    14  feedback.o(.text._ZN8feedback12AccelerationC2Ev)
    feedback::gravity::gravity_feedback()    0x08008571   Thumb Code    50  feedback.o(.text._ZN8feedback7gravity16gravity_feedbackEv)
    feedback::gravity::gravity__sub_object() 0x080085a5   Thumb Code    30  feedback.o(.text._ZN8feedback7gravityC2Ev)
    motor::DaMiaoMotor::float_to_uint(float, float, float, int) const 0x080085c5   Thumb Code    94  damiao.o(.text._ZNK5motor11DaMiaoMotor13float_to_uintEfffi)
    motor::DaMiaoMotor::uint_to_float(int, float, float, int) const 0x08008625   Thumb Code    88  damiao.o(.text._ZNK5motor11DaMiaoMotor13uint_to_floatEiffi)
    main                                     0x08008b61   Thumb Code   116  main.o(.text.main)
    osDelay                                  0x08008bd5   Thumb Code    16  cmsis_os.o(.text.osDelay)
    osKernelStart                            0x08008be5   Thumb Code    10  cmsis_os.o(.text.osKernelStart)
    osThreadCreate                           0x08008bf1   Thumb Code    94  cmsis_os.o(.text.osThreadCreate)
    pvPortMalloc                             0x08008e61   Thumb Code   412  heap_4.o(.text.pvPortMalloc)
    pxPortInitialiseStack                    0x08008ffd   Thumb Code    36  port.o(.text.pxPortInitialiseStack)
    uxListRemove                             0x08009021   Thumb Code    36  list.o(.text.uxListRemove)
    vApplicationGetIdleTaskMemory            0x08009045   Thumb Code    42  freertos.o(.text.vApplicationGetIdleTaskMemory)
    vListInitialise                          0x08009071   Thumb Code    22  list.o(.text.vListInitialise)
    vListInitialiseItem                      0x08009089   Thumb Code     6  list.o(.text.vListInitialiseItem)
    vListInsert                              0x08009091   Thumb Code    58  list.o(.text.vListInsert)
    vListInsertEnd                           0x080090cd   Thumb Code    28  list.o(.text.vListInsertEnd)
    vPortEnterCritical                       0x080090fd   Thumb Code    70  port.o(.text.vPortEnterCritical)
    vPortExitCritical                        0x08009145   Thumb Code    46  port.o(.text.vPortExitCritical)
    vPortFree                                0x08009175   Thumb Code   214  heap_4.o(.text.vPortFree)
    vPortSetupTimerInterrupt                 0x0800924d   Thumb Code    52  port.o(.text.vPortSetupTimerInterrupt)
    vTaskDelay                               0x08009281   Thumb Code   196  tasks.o(.text.vTaskDelay)
    vTaskStartScheduler                      0x08009345   Thumb Code   120  tasks.o(.text.vTaskStartScheduler)
    vTaskSuspendAll                          0x080093c5   Thumb Code    16  tasks.o(.text.vTaskSuspendAll)
    vTaskSwitchContext                       0x080093d5   Thumb Code   134  tasks.o(.text.vTaskSwitchContext)
    xPortStartScheduler                      0x0800945d   Thumb Code   302  port.o(.text.xPortStartScheduler)
    xTaskCreate                              0x0800958d   Thumb Code   188  tasks.o(.text.xTaskCreate)
    xTaskCreateStatic                        0x08009649   Thumb Code   236  tasks.o(.text.xTaskCreateStatic)
    xTaskIncrementTick                       0x08009735   Thumb Code   384  tasks.o(.text.xTaskIncrementTick)
    xTaskResumeAll                           0x080098b5   Thumb Code   312  tasks.o(.text.xTaskResumeAll)
    __ARM_fpclassifyf                        0x080099ed   Thumb Code    38  fpclassifyf.o(i.__ARM_fpclassifyf)
    __hardfp_sinf                            0x08009a15   Thumb Code   344  sinf.o(i.__hardfp_sinf)
    __mathlib_flt_infnan                     0x08009ba5   Thumb Code     6  funder.o(i.__mathlib_flt_infnan)
    __mathlib_flt_invalid                    0x08009bad   Thumb Code    10  funder.o(i.__mathlib_flt_invalid)
    __mathlib_flt_underflow                  0x08009bbd   Thumb Code    10  funder.o(i.__mathlib_flt_underflow)
    __mathlib_rredf2                         0x08009bcd   Thumb Code   316  rredf.o(i.__mathlib_rredf2)
    _fp_init                                 0x08009d21   Thumb Code    26  fpinit.o(x$fpl$fpinit)
    __fplib_config_fpu_vfp                   0x08009d39   Thumb Code     0  fpinit.o(x$fpl$fpinit)
    __fplib_config_pureend_doubles           0x08009d39   Thumb Code     0  fpinit.o(x$fpl$fpinit)
    __I$use$fp                               0x08009d3a   Number         0  usenofp.o(x$fpl$usenofp)
    AHBPrescTable                            0x08009db0   Data          16  system_stm32f4xx.o(.rodata.AHBPrescTable)
    APBPrescTable                            0x08009dc0   Data           8  system_stm32f4xx.o(.rodata.APBPrescTable)
    Region$$Table$$Base                      0x08009dec   Number         0  anon$$obj.o(Region$$Table)
    Region$$Table$$Limit                     0x08009e0c   Number         0  anon$$obj.o(Region$$Table)
    SHT$$INIT_ARRAY$$Base                    0x08009e0c   Number         0  damiao.o(.init_array)
    SHT$$INIT_ARRAY$$Limit                   0x08009e28   Number         0  init_aeabi.o(.init_array)
    SystemCoreClock                          0x20000000   Data           4  system_stm32f4xx.o(.data.SystemCoreClock)
    Transmit_flag                            0x20000004   Data           1  boardcommunication_atoc.o(.data.Transmit_flag)
    uwTickFreq                               0x20000005   Data           1  stm32f4xx_hal.o(.data.uwTickFreq)
    uwTickPrio                               0x20000008   Data           4  stm32f4xx_hal.o(.data.uwTickPrio)
    __libspace_start                         0x20000010   Data          96  libspace.o(.bss)
    BuzzerHandle                             0x20000070   Data           4  freertos.o(.bss.BuzzerHandle)
    __temporary_stack_top$libspace           0x20000070   Data           0  libspace.o(.bss)
    Can_RX                                   0x20000074   Data          36  djimotor.o(.bss.Can_RX)
    Can_RX2                                  0x20000098   Data          36  damiao.o(.bss.Can_RX2)
    Counter_rotation_PidInstance             0x200000bc   Data         240  pid.o(.bss.Counter_rotation_PidInstance)
    DJI_TX_Data                              0x200001ac   Data           8  djimotor.o(.bss.DJI_TX_Data)
    DJI_txHeader                             0x200001b4   Data          24  djimotor.o(.bss.DJI_txHeader)
    DaMiao_TX_Data                           0x200001cc   Data           8  damiao.o(.bss.DaMiao_TX_Data)
    DaMiao_txHeader                          0x200001d4   Data          24  damiao.o(.bss.DaMiao_txHeader)
    Delay                                    0x200001ec   Data           4  boardcommunication_atoc.o(.bss.Delay)
    DjimotorController                       0x200001f0   Data           1  djimotor.o(.bss.DjimotorController)
    HI12                                     0x200001f8   Data          84  imu.o(.bss.HI12)
    IMU_RX_Data                              0x2000024c   Data          54  imu.o(.bss.IMU_RX_Data)
    M2006_203                                0x20000284   Data          56  djimotor.o(.bss.M2006_203)
    M2006_203_PidInstance                    0x200002bc   Data         240  pid.o(.bss.M2006_203_PidInstance)
    M2006_203_Remove                         0x200003ac   Data           4  remoteoperation.o(.bss.M2006_203_Remove)
    M3508_201                                0x200003b0   Data          56  djimotor.o(.bss.M3508_201)
    M3508_201_PidInstance                    0x200003e8   Data         240  pid.o(.bss.M3508_201_PidInstance)
    M3508_201_Remove                         0x200004d8   Data           4  remoteoperation.o(.bss.M3508_201_Remove)
    M3508_204                                0x200004dc   Data          56  djimotor.o(.bss.M3508_204)
    M3508_204_PidInstance                    0x20000514   Data         240  pid.o(.bss.M3508_204_PidInstance)
    M3508_204_Remove                         0x20000604   Data           4  remoteoperation.o(.bss.M3508_204_Remove)
    M4310_0x01                               0x20000608   Data          76  damiao.o(.bss.M4310_0x01)
    M4310_0x01_PidInstance                   0x20000654   Data         240  pid.o(.bss.M4310_0x01_PidInstance)
    M4310_0x01_Remove                        0x20000744   Data           4  remoteoperation.o(.bss.M4310_0x01_Remove)
    M6020                                    0x20000748   Data          80  adrc.o(.bss.M6020)
    M6020_206                                0x20000798   Data          56  djimotor.o(.bss.M6020_206)
    M6020_206_PidInstance                    0x200007d0   Data         240  pid.o(.bss.M6020_206_PidInstance)
    M6020_206_PidInstance_Vision             0x200008c0   Data         240  pid.o(.bss.M6020_206_PidInstance_Vision)
    M6020_206_PidInstance_speed              0x200009b0   Data         240  pid.o(.bss.M6020_206_PidInstance_speed)
    M6020_206_Remove                         0x20000aa0   Data           4  remoteoperation.o(.bss.M6020_206_Remove)
    M6020_IMU                                0x20000aa4   Data          80  adrc.o(.bss.M6020_IMU)
    PITCH                                    0x20000af4   Data          16  feedback.o(.bss.PITCH)
    RX_Data                                  0x20000b04   Data          27  boardcommunication_atoc.o(.bss.RX_Data)
    TD_chassis_imu                           0x20000b20   Data          72  adrc.o(.bss.TD_chassis_imu)
    TD_gimbal_x                              0x20000b68   Data          72  adrc.o(.bss.TD_gimbal_x)
    TD_gimbal_y                              0x20000bb0   Data          72  adrc.o(.bss.TD_gimbal_y)
    TX_Data                                  0x20000bf8   Data           5  boardcommunication_atoc.o(.bss.TX_Data)
    YAW                                      0x20000c00   Data          16  feedback.o(.bss.YAW)
    accumulate                               0x20000c14   Data           4  taskprocess.o(.bss.accumulate)
    dead_zone_flag0                          0x20000c18   Data           1  remoteoperation.o(.bss.dead_zone_flag0)
    dead_zone_flag1                          0x20000c19   Data           1  remoteoperation.o(.bss.dead_zone_flag1)
    dead_zone_flag2                          0x20000c1a   Data           1  remoteoperation.o(.bss.dead_zone_flag2)
    dead_zone_flag3                          0x20000c1b   Data           1  remoteoperation.o(.bss.dead_zone_flag3)
    dead_zone_flag4                          0x20000c1c   Data           1  remoteoperation.o(.bss.dead_zone_flag4)
    defaultTaskHandle                        0x20000c20   Data           4  freertos.o(.bss.defaultTaskHandle)
    dr16                                     0x20000c24   Data          72  clicker.o(.bss.dr16)
    hcan1                                    0x20000c6c   Data          40  can.o(.bss.hcan1)
    hcan2                                    0x20000c94   Data          40  can.o(.bss.hcan2)
    hdma_uart7_rx                            0x20000cbc   Data          96  usart.o(.bss.hdma_uart7_rx)
    hdma_uart7_tx                            0x20000d1c   Data          96  usart.o(.bss.hdma_uart7_tx)
    hdma_uart8_rx                            0x20000d7c   Data          96  usart.o(.bss.hdma_uart8_rx)
    hdma_uart8_tx                            0x20000ddc   Data          96  usart.o(.bss.hdma_uart8_tx)
    hdma_usart6_rx                           0x20000e3c   Data          96  usart.o(.bss.hdma_usart6_rx)
    hdma_usart6_tx                           0x20000e9c   Data          96  usart.o(.bss.hdma_usart6_tx)
    htim1                                    0x20000efc   Data          72  stm32f4xx_hal_timebase_tim.o(.bss.htim1)
    htim12                                   0x20000f44   Data          72  tim.o(.bss.htim12)
    htim2                                    0x20000f8c   Data          72  tim.o(.bss.htim2)
    htim5                                    0x20000fd4   Data          72  tim.o(.bss.htim5)
    huart6                                   0x2000101c   Data          72  usart.o(.bss.huart6)
    huart7                                   0x20001064   Data          72  usart.o(.bss.huart7)
    huart8                                   0x200010ac   Data          72  usart.o(.bss.huart8)
    i                                        0x200010f4   Data           4  remoteoperation.o(.bss.i)
    input_derivative                         0x200010f8   Data           4  adrc.o(.bss.input_derivative)
    k_ff                                     0x200010fc   Data           4  adrc.o(.bss.k_ff)
    myTask03Handle                           0x20001100   Data           4  freertos.o(.bss.myTask03Handle)
    pData                                    0x20001104   Data          18  clicker.o(.bss.pData)
    phase                                    0x20001118   Data           4  remoteoperation.o(.bss.phase)
    prev_input                               0x2000111c   Data           4  adrc.o(.bss.prev_input)
    pxCurrentTCB                             0x20001120   Data           4  tasks.o(.bss.pxCurrentTCB)
    send_str2                                0x200011bc   Data          32  boardcommunication_atoc.o(.bss.send_str2)
    set_sin                                  0x200011dc   Data           4  remoteoperation.o(.bss.set_sin)
    tick_e                                   0x200011e0   Data           4  boardcommunication_atoc.o(.bss.tick_e)
    txMailbox_DJI                            0x200011e4   Data           4  djimotor.o(.bss.txMailbox_DJI)
    txMailbox_DaMiao                         0x200011e8   Data           4  damiao.o(.bss.txMailbox_DaMiao)
    u_feedforward                            0x200011ec   Data           4  adrc.o(.bss.u_feedforward)
    uwTick                                   0x20004df8   Data           4  stm32f4xx_hal.o(.bss.uwTick)



==============================================================================

Memory Map of the image

  Image Entry point : 0x080001ad

  Load Region LR_IROM1 (Base: 0x08000000, Size: 0x00009e38, Max: 0x00200000, ABSOLUTE)

    Execution Region ER_IROM1 (Exec base: 0x08000000, Load base: 0x08000000, Size: 0x00009e28, Max: 0x00200000, ABSOLUTE)

    Exec Addr    Load Addr    Size         Type   Attr      Idx    E Section Name        Object

    0x08000000   0x08000000   0x000001ac   Data   RO            3    RESET               startup_stm32f427xx.o
    0x080001ac   0x080001ac   0x00000008   Code   RO         2159  * !!!main             c_w.l(__main.o)
    0x080001b4   0x080001b4   0x0000005c   Code   RO         2381    !!!scatter          c_w.l(__scatter.o)
    0x08000210   0x08000210   0x0000001a   Code   RO         2385    !!handler_copy      c_w.l(__scatter_copy.o)
    0x0800022a   0x0800022a   0x00000002   PAD
    0x0800022c   0x0800022c   0x00000002   Code   RO         2382    !!handler_null      c_w.l(__scatter.o)
    0x0800022e   0x0800022e   0x00000002   PAD
    0x08000230   0x08000230   0x0000001c   Code   RO         2387    !!handler_zi        c_w.l(__scatter_zi.o)
    0x0800024c   0x0800024c   0x00000002   Code   RO         2301    .ARM.Collect$$libinit$$00000000  c_w.l(libinit.o)
    0x0800024e   0x0800024e   0x00000004   Code   RO         2184    .ARM.Collect$$libinit$$00000001  c_w.l(libinit2.o)
    0x08000252   0x08000252   0x00000000   Code   RO         2187    .ARM.Collect$$libinit$$00000004  c_w.l(libinit2.o)
    0x08000252   0x08000252   0x00000000   Code   RO         2189    .ARM.Collect$$libinit$$00000006  c_w.l(libinit2.o)
    0x08000252   0x08000252   0x00000000   Code   RO         2192    .ARM.Collect$$libinit$$0000000C  c_w.l(libinit2.o)
    0x08000252   0x08000252   0x00000000   Code   RO         2194    .ARM.Collect$$libinit$$0000000E  c_w.l(libinit2.o)
    0x08000252   0x08000252   0x00000000   Code   RO         2196    .ARM.Collect$$libinit$$00000010  c_w.l(libinit2.o)
    0x08000252   0x08000252   0x00000000   Code   RO         2199    .ARM.Collect$$libinit$$00000013  c_w.l(libinit2.o)
    0x08000252   0x08000252   0x00000000   Code   RO         2201    .ARM.Collect$$libinit$$00000015  c_w.l(libinit2.o)
    0x08000252   0x08000252   0x00000000   Code   RO         2203    .ARM.Collect$$libinit$$00000017  c_w.l(libinit2.o)
    0x08000252   0x08000252   0x00000000   Code   RO         2205    .ARM.Collect$$libinit$$00000019  c_w.l(libinit2.o)
    0x08000252   0x08000252   0x00000000   Code   RO         2207    .ARM.Collect$$libinit$$0000001B  c_w.l(libinit2.o)
    0x08000252   0x08000252   0x00000000   Code   RO         2209    .ARM.Collect$$libinit$$0000001D  c_w.l(libinit2.o)
    0x08000252   0x08000252   0x00000000   Code   RO         2211    .ARM.Collect$$libinit$$0000001F  c_w.l(libinit2.o)
    0x08000252   0x08000252   0x00000000   Code   RO         2213    .ARM.Collect$$libinit$$00000021  c_w.l(libinit2.o)
    0x08000252   0x08000252   0x00000000   Code   RO         2215    .ARM.Collect$$libinit$$00000023  c_w.l(libinit2.o)
    0x08000252   0x08000252   0x00000000   Code   RO         2217    .ARM.Collect$$libinit$$00000025  c_w.l(libinit2.o)
    0x08000252   0x08000252   0x00000000   Code   RO         2219    .ARM.Collect$$libinit$$00000027  c_w.l(libinit2.o)
    0x08000252   0x08000252   0x00000000   Code   RO         2223    .ARM.Collect$$libinit$$0000002E  c_w.l(libinit2.o)
    0x08000252   0x08000252   0x00000000   Code   RO         2225    .ARM.Collect$$libinit$$00000030  c_w.l(libinit2.o)
    0x08000252   0x08000252   0x00000000   Code   RO         2227    .ARM.Collect$$libinit$$00000032  c_w.l(libinit2.o)
    0x08000252   0x08000252   0x00000004   Code   RO         2228    .ARM.Collect$$libinit$$00000033  c_w.l(libinit2.o)
    0x08000256   0x08000256   0x00000000   Code   RO         2229    .ARM.Collect$$libinit$$00000034  c_w.l(libinit2.o)
    0x08000256   0x08000256   0x00000002   Code   RO         2230    .ARM.Collect$$libinit$$00000035  c_w.l(libinit2.o)
    0x08000258   0x08000258   0x00000002   Code   RO         2348    .ARM.Collect$$libshutdown$$00000000  c_w.l(libshutdown.o)
    0x0800025a   0x0800025a   0x00000000   Code   RO         2364    .ARM.Collect$$libshutdown$$00000002  c_w.l(libshutdown2.o)
    0x0800025a   0x0800025a   0x00000000   Code   RO         2366    .ARM.Collect$$libshutdown$$00000004  c_w.l(libshutdown2.o)
    0x0800025a   0x0800025a   0x00000000   Code   RO         2369    .ARM.Collect$$libshutdown$$00000007  c_w.l(libshutdown2.o)
    0x0800025a   0x0800025a   0x00000000   Code   RO         2372    .ARM.Collect$$libshutdown$$0000000A  c_w.l(libshutdown2.o)
    0x0800025a   0x0800025a   0x00000000   Code   RO         2374    .ARM.Collect$$libshutdown$$0000000C  c_w.l(libshutdown2.o)
    0x0800025a   0x0800025a   0x00000000   Code   RO         2377    .ARM.Collect$$libshutdown$$0000000F  c_w.l(libshutdown2.o)
    0x0800025a   0x0800025a   0x00000002   Code   RO         2378    .ARM.Collect$$libshutdown$$00000010  c_w.l(libshutdown2.o)
    0x0800025c   0x0800025c   0x00000000   Code   RO         2173    .ARM.Collect$$rtentry$$00000000  c_w.l(__rtentry.o)
    0x0800025c   0x0800025c   0x00000000   Code   RO         2256    .ARM.Collect$$rtentry$$00000002  c_w.l(__rtentry2.o)
    0x0800025c   0x0800025c   0x00000006   Code   RO         2268    .ARM.Collect$$rtentry$$00000004  c_w.l(__rtentry4.o)
    0x08000262   0x08000262   0x00000000   Code   RO         2258    .ARM.Collect$$rtentry$$00000009  c_w.l(__rtentry2.o)
    0x08000262   0x08000262   0x00000004   Code   RO         2259    .ARM.Collect$$rtentry$$0000000A  c_w.l(__rtentry2.o)
    0x08000266   0x08000266   0x00000000   Code   RO         2261    .ARM.Collect$$rtentry$$0000000C  c_w.l(__rtentry2.o)
    0x08000266   0x08000266   0x00000008   Code   RO         2262    .ARM.Collect$$rtentry$$0000000D  c_w.l(__rtentry2.o)
    0x0800026e   0x0800026e   0x00000002   Code   RO         2306    .ARM.Collect$$rtexit$$00000000  c_w.l(rtexit.o)
    0x08000270   0x08000270   0x00000000   Code   RO         2328    .ARM.Collect$$rtexit$$00000002  c_w.l(rtexit2.o)
    0x08000270   0x08000270   0x00000004   Code   RO         2329    .ARM.Collect$$rtexit$$00000003  c_w.l(rtexit2.o)
    0x08000274   0x08000274   0x00000006   Code   RO         2330    .ARM.Collect$$rtexit$$00000004  c_w.l(rtexit2.o)
    0x0800027a   0x0800027a   0x00000002   PAD
    0x0800027c   0x0800027c   0x00000040   Code   RO            4    .text               startup_stm32f427xx.o
    0x080002bc   0x080002bc   0x000000f0   Code   RO         2149    .text               c_w.l(lludivv7m.o)
    0x080003ac   0x080003ac   0x0000008a   Code   RO         2151    .text               c_w.l(rt_memcpy_v6.o)
    0x08000436   0x08000436   0x0000004e   Code   RO         2155    .text               c_w.l(rt_memclr_w.o)
    0x08000484   0x08000484   0x00000006   Code   RO         2157    .text               c_w.l(heapauxi.o)
    0x0800048a   0x0800048a   0x00000002   PAD
    0x0800048c   0x0800048c   0x0000002c   Code   RO         2164    .text               c_w.l(init_aeabi.o)
    0x080004b8   0x080004b8   0x00000016   Code   RO         2178    .text               c_w.l(_rserrno.o)
    0x080004ce   0x080004ce   0x00000064   Code   RO         2180    .text               c_w.l(rt_memcpy_w.o)
    0x08000532   0x08000532   0x00000002   PAD
    0x08000534   0x08000534   0x00000008   Code   RO         2275    .text               c_w.l(rt_errno_addr_intlibspace.o)
    0x0800053c   0x0800053c   0x00000008   Code   RO         2281    .text               c_w.l(libspace.o)
    0x08000544   0x08000544   0x0000004a   Code   RO         2284    .text               c_w.l(sys_stackheap_outer.o)
    0x0800058e   0x0800058e   0x00000012   Code   RO         2286    .text               c_w.l(exit.o)
    0x080005a0   0x080005a0   0x0000000c   Code   RO         2320    .text               c_w.l(sys_exit.o)
    0x080005ac   0x080005ac   0x00000002   Code   RO         2324    .text               c_w.l(use_no_semi.o)
    0x080005ae   0x080005ae   0x00000000   Code   RO         2326    .text               c_w.l(indicate_semi.o)
    0x080005ae   0x080005ae   0x00000002   PAD
    0x080005b0   0x080005b0   0x00000004   Code   RO          137    .text.BusFault_Handler  stm32f4xx_it.o
    0x080005b4   0x080005b4   0x00000010   Code   RO          153    .text.CAN1_RX0_IRQHandler  stm32f4xx_it.o
    0x080005c4   0x080005c4   0x00000010   Code   RO          155    .text.CAN1_RX1_IRQHandler  stm32f4xx_it.o
    0x080005d4   0x080005d4   0x00000010   Code   RO          157    .text.CAN1_SCE_IRQHandler  stm32f4xx_it.o
    0x080005e4   0x080005e4   0x00000010   Code   RO          151    .text.CAN1_TX_IRQHandler  stm32f4xx_it.o
    0x080005f4   0x080005f4   0x00000010   Code   RO          171    .text.CAN2_RX0_IRQHandler  stm32f4xx_it.o
    0x08000604   0x08000604   0x00000010   Code   RO          173    .text.CAN2_RX1_IRQHandler  stm32f4xx_it.o
    0x08000614   0x08000614   0x00000010   Code   RO          175    .text.CAN2_SCE_IRQHandler  stm32f4xx_it.o
    0x08000624   0x08000624   0x00000010   Code   RO          169    .text.CAN2_TX_IRQHandler  stm32f4xx_it.o
    0x08000634   0x08000634   0x000000b2   Code   RO         1242    .text.CAN_ConfigFilter  usercan.o
    0x080006e6   0x080006e6   0x00000002   PAD
    0x080006e8   0x080006e8   0x00000010   Code   RO         1639    .text.ChassisSolution  remoteoperation.o
    0x080006f8   0x080006f8   0x00000052   Code   RO         1590    .text.Communication_AtoC_Receive  boardcommunication_atoc.o
    0x0800074a   0x0800074a   0x00000002   PAD
    0x0800074c   0x0800074c   0x0000008a   Code   RO         1592    .text.Communication_AtoC_Tansmit  boardcommunication_atoc.o
    0x080007d6   0x080007d6   0x00000002   PAD
    0x080007d8   0x080007d8   0x00000010   Code   RO          143    .text.DMA1_Stream0_IRQHandler  stm32f4xx_it.o
    0x080007e8   0x080007e8   0x00000010   Code   RO          145    .text.DMA1_Stream1_IRQHandler  stm32f4xx_it.o
    0x080007f8   0x080007f8   0x00000010   Code   RO          147    .text.DMA1_Stream3_IRQHandler  stm32f4xx_it.o
    0x08000808   0x08000808   0x00000010   Code   RO          149    .text.DMA1_Stream6_IRQHandler  stm32f4xx_it.o
    0x08000818   0x08000818   0x00000010   Code   RO          167    .text.DMA2_Stream1_IRQHandler  stm32f4xx_it.o
    0x08000828   0x08000828   0x00000010   Code   RO          177    .text.DMA2_Stream6_IRQHandler  stm32f4xx_it.o
    0x08000838   0x08000838   0x00000056   Code   RO          827    .text.DMA_CalcBaseAndBitshift  stm32f4xx_hal_dma.o
    0x0800088e   0x0800088e   0x00000002   PAD
    0x08000890   0x08000890   0x000000f0   Code   RO          825    .text.DMA_CheckFifoParam  stm32f4xx_hal_dma.o
    0x08000980   0x08000980   0x00000050   Code   RO          833    .text.DMA_SetConfig  stm32f4xx_hal_dma.o
    0x080009d0   0x080009d0   0x00000002   Code   RO          141    .text.DebugMon_Handler  stm32f4xx_it.o
    0x080009d2   0x080009d2   0x00000002   PAD
    0x080009d4   0x080009d4   0x00000006   Code   RO           15    .text.Error_Handler  main.o
    0x080009da   0x080009da   0x00000002   PAD
    0x080009dc   0x080009dc   0x00000052   Code   RO          584    .text.HAL_CAN_ActivateNotification  stm32f4xx_hal_can.o
    0x08000a2e   0x08000a2e   0x00000002   PAD
    0x08000a30   0x08000a30   0x00000156   Code   RO          570    .text.HAL_CAN_AddTxMessage  stm32f4xx_hal_can.o
    0x08000b86   0x08000b86   0x00000002   PAD
    0x08000b88   0x08000b88   0x0000019e   Code   RO          560    .text.HAL_CAN_ConfigFilter  stm32f4xx_hal_can.o
    0x08000d26   0x08000d26   0x00000002   PAD
    0x08000d28   0x08000d28   0x00000008   Code   RO          614    .text.HAL_CAN_ErrorCallback  stm32f4xx_hal_can.o
    0x08000d30   0x08000d30   0x00000212   Code   RO          580    .text.HAL_CAN_GetRxMessage  stm32f4xx_hal_can.o
    0x08000f42   0x08000f42   0x00000002   PAD
    0x08000f44   0x08000f44   0x00000070   Code   RO          574    .text.HAL_CAN_GetTxMailboxesFreeLevel  stm32f4xx_hal_can.o
    0x08000fb4   0x08000fb4   0x000003f2   Code   RO          588    .text.HAL_CAN_IRQHandler  stm32f4xx_hal_can.o
    0x080013a6   0x080013a6   0x00000002   PAD
    0x080013a8   0x080013a8   0x000001de   Code   RO          550    .text.HAL_CAN_Init  stm32f4xx_hal_can.o
    0x08001586   0x08001586   0x00000002   PAD
    0x08001588   0x08001588   0x000001f6   Code   RO           61    .text.HAL_CAN_MspInit  can.o
    0x0800177e   0x0800177e   0x00000002   PAD
    0x08001780   0x08001780   0x00000008   Code   RO          602    .text.HAL_CAN_RxFifo0FullCallback  stm32f4xx_hal_can.o
    0x08001788   0x08001788   0x0000006a   Code   RO         1244    .text.HAL_CAN_RxFifo0MsgPendingCallback  usercan.o
    0x080017f2   0x080017f2   0x00000002   PAD
    0x080017f4   0x080017f4   0x00000008   Code   RO          606    .text.HAL_CAN_RxFifo1FullCallback  stm32f4xx_hal_can.o
    0x080017fc   0x080017fc   0x00000008   Code   RO          608    .text.HAL_CAN_RxFifo1MsgPendingCallback  stm32f4xx_hal_can.o
    0x08001804   0x08001804   0x00000008   Code   RO          610    .text.HAL_CAN_SleepCallback  stm32f4xx_hal_can.o
    0x0800180c   0x0800180c   0x0000008a   Code   RO          562    .text.HAL_CAN_Start  stm32f4xx_hal_can.o
    0x08001896   0x08001896   0x00000002   PAD
    0x08001898   0x08001898   0x00000008   Code   RO          592    .text.HAL_CAN_TxMailbox0AbortCallback  stm32f4xx_hal_can.o
    0x080018a0   0x080018a0   0x00000008   Code   RO          590    .text.HAL_CAN_TxMailbox0CompleteCallback  stm32f4xx_hal_can.o
    0x080018a8   0x080018a8   0x00000008   Code   RO          596    .text.HAL_CAN_TxMailbox1AbortCallback  stm32f4xx_hal_can.o
    0x080018b0   0x080018b0   0x00000008   Code   RO          594    .text.HAL_CAN_TxMailbox1CompleteCallback  stm32f4xx_hal_can.o
    0x080018b8   0x080018b8   0x00000008   Code   RO          600    .text.HAL_CAN_TxMailbox2AbortCallback  stm32f4xx_hal_can.o
    0x080018c0   0x080018c0   0x00000008   Code   RO          598    .text.HAL_CAN_TxMailbox2CompleteCallback  stm32f4xx_hal_can.o
    0x080018c8   0x080018c8   0x00000008   Code   RO          612    .text.HAL_CAN_WakeUpFromRxMsgCallback  stm32f4xx_hal_can.o
    0x080018d0   0x080018d0   0x000000ec   Code   RO          837    .text.HAL_DMA_Abort  stm32f4xx_hal_dma.o
    0x080019bc   0x080019bc   0x00000044   Code   RO          839    .text.HAL_DMA_Abort_IT  stm32f4xx_hal_dma.o
    0x08001a00   0x08001a00   0x0000031e   Code   RO          843    .text.HAL_DMA_IRQHandler  stm32f4xx_hal_dma.o
    0x08001d1e   0x08001d1e   0x00000002   PAD
    0x08001d20   0x08001d20   0x0000016e   Code   RO          823    .text.HAL_DMA_Init  stm32f4xx_hal_dma.o
    0x08001e8e   0x08001e8e   0x00000002   PAD
    0x08001e90   0x08001e90   0x000000c2   Code   RO          835    .text.HAL_DMA_Start_IT  stm32f4xx_hal_dma.o
    0x08001f52   0x08001f52   0x00000002   PAD
    0x08001f54   0x08001f54   0x000003ee   Code   RO          785    .text.HAL_GPIO_Init  stm32f4xx_hal_gpio.o
    0x08002342   0x08002342   0x00000002   PAD
    0x08002344   0x08002344   0x0000000c   Code   RO         1016    .text.HAL_GetTick   stm32f4xx_hal.o
    0x08002350   0x08002350   0x0000001a   Code   RO         1014    .text.HAL_IncTick   stm32f4xx_hal.o
    0x0800236a   0x0800236a   0x00000002   PAD
    0x0800236c   0x0800236c   0x00000036   Code   RO         1004    .text.HAL_Init      stm32f4xx_hal.o
    0x080023a2   0x080023a2   0x00000002   PAD
    0x080023a4   0x080023a4   0x000000da   Code   RO          200    .text.HAL_InitTick  stm32f4xx_hal_timebase_tim.o
    0x0800247e   0x0800247e   0x00000002   PAD
    0x08002480   0x08002480   0x00000058   Code   RO          192    .text.HAL_MspInit   stm32f4xx_hal_msp.o
    0x080024d8   0x080024d8   0x00000014   Code   RO          939    .text.HAL_NVIC_EnableIRQ  stm32f4xx_hal_cortex.o
    0x080024ec   0x080024ec   0x00000032   Code   RO          931    .text.HAL_NVIC_SetPriority  stm32f4xx_hal_cortex.o
    0x0800251e   0x0800251e   0x00000002   PAD
    0x08002520   0x08002520   0x00000010   Code   RO          927    .text.HAL_NVIC_SetPriorityGrouping  stm32f4xx_hal_cortex.o
    0x08002530   0x08002530   0x000000be   Code   RO          914    .text.HAL_PWREx_EnableOverDrive  stm32f4xx_hal_pwr_ex.o
    0x080025ee   0x080025ee   0x00000002   PAD
    0x080025f0   0x080025f0   0x00000262   Code   RO          633    .text.HAL_RCC_ClockConfig  stm32f4xx_hal_rcc.o
    0x08002852   0x08002852   0x00000002   PAD
    0x08002854   0x08002854   0x00000054   Code   RO          651    .text.HAL_RCC_GetClockConfig  stm32f4xx_hal_rcc.o
    0x080028a8   0x080028a8   0x0000000c   Code   RO          643    .text.HAL_RCC_GetHCLKFreq  stm32f4xx_hal_rcc.o
    0x080028b4   0x080028b4   0x00000022   Code   RO          645    .text.HAL_RCC_GetPCLK1Freq  stm32f4xx_hal_rcc.o
    0x080028d6   0x080028d6   0x00000002   PAD
    0x080028d8   0x080028d8   0x00000022   Code   RO          647    .text.HAL_RCC_GetPCLK2Freq  stm32f4xx_hal_rcc.o
    0x080028fa   0x080028fa   0x00000002   PAD
    0x080028fc   0x080028fc   0x000000e6   Code   RO          635    .text.HAL_RCC_GetSysClockFreq  stm32f4xx_hal_rcc.o
    0x080029e2   0x080029e2   0x00000002   PAD
    0x080029e4   0x080029e4   0x000006be   Code   RO          631    .text.HAL_RCC_OscConfig  stm32f4xx_hal_rcc.o
    0x080030a2   0x080030a2   0x00000002   PAD
    0x080030a4   0x080030a4   0x00000008   Code   RO          537    .text.HAL_TIMEx_BreakCallback  stm32f4xx_hal_tim_ex.o
    0x080030ac   0x080030ac   0x00000008   Code   RO          533    .text.HAL_TIMEx_CommutCallback  stm32f4xx_hal_tim_ex.o
    0x080030b4   0x080030b4   0x00000122   Code   RO          527    .text.HAL_TIMEx_MasterConfigSynchronization  stm32f4xx_hal_tim_ex.o
    0x080031d6   0x080031d6   0x00000002   PAD
    0x080031d8   0x080031d8   0x0000009c   Code   RO          214    .text.HAL_TIM_Base_Init  stm32f4xx_hal_tim.o
    0x08003274   0x08003274   0x00000008   Code   RO          216    .text.HAL_TIM_Base_MspInit  stm32f4xx_hal_tim.o
    0x0800327c   0x0800327c   0x000000f6   Code   RO          228    .text.HAL_TIM_Base_Start_IT  stm32f4xx_hal_tim.o
    0x08003372   0x08003372   0x00000002   PAD
    0x08003374   0x08003374   0x00000008   Code   RO          350    .text.HAL_TIM_IC_CaptureCallback  stm32f4xx_hal_tim.o
    0x0800337c   0x0800337c   0x0000021a   Code   RO          348    .text.HAL_TIM_IRQHandler  stm32f4xx_hal_tim.o
    0x08003596   0x08003596   0x00000002   PAD
    0x08003598   0x08003598   0x00000112   Code   RO           85    .text.HAL_TIM_MspPostInit  tim.o
    0x080036aa   0x080036aa   0x00000002   PAD
    0x080036ac   0x080036ac   0x00000008   Code   RO          352    .text.HAL_TIM_OC_DelayElapsedCallback  stm32f4xx_hal_tim.o
    0x080036b4   0x080036b4   0x00000142   Code   RO          380    .text.HAL_TIM_PWM_ConfigChannel  stm32f4xx_hal_tim.o
    0x080037f6   0x080037f6   0x00000002   PAD
    0x080037f8   0x080037f8   0x0000009c   Code   RO          268    .text.HAL_TIM_PWM_Init  stm32f4xx_hal_tim.o
    0x08003894   0x08003894   0x000000e0   Code   RO           91    .text.HAL_TIM_PWM_MspInit  tim.o
    0x08003974   0x08003974   0x00000008   Code   RO          354    .text.HAL_TIM_PWM_PulseFinishedCallback  stm32f4xx_hal_tim.o
    0x0800397c   0x0800397c   0x0000023c   Code   RO          280    .text.HAL_TIM_PWM_Start_IT  stm32f4xx_hal_tim.o
    0x08003bb8   0x08003bb8   0x0000003e   Code   RO           17    .text.HAL_TIM_PeriodElapsedCallback  main.o
    0x08003bf6   0x08003bf6   0x00000002   PAD
    0x08003bf8   0x08003bf8   0x00000008   Code   RO          358    .text.HAL_TIM_TriggerCallback  stm32f4xx_hal_tim.o
    0x08003c00   0x08003c00   0x000000b8   Code   RO         1151    .text.HAL_UARTEx_ReceiveToIdle_DMA  stm32f4xx_hal_uart.o
    0x08003cb8   0x08003cb8   0x00000098   Code   RO         1399    .text.HAL_UARTEx_RxEventCallback  serialcallback.o
    0x08003d50   0x08003d50   0x0000007e   Code   RO         1401    .text.HAL_UART_ErrorCallback  serialcallback.o
    0x08003dce   0x08003dce   0x00000002   PAD
    0x08003dd0   0x08003dd0   0x0000000c   Code   RO         1215    .text.HAL_UART_GetError  stm32f4xx_hal_uart.o
    0x08003ddc   0x08003ddc   0x0000045c   Code   RO         1181    .text.HAL_UART_IRQHandler  stm32f4xx_hal_uart.o
    0x08004238   0x08004238   0x0000009e   Code   RO         1097    .text.HAL_UART_Init  stm32f4xx_hal_uart.o
    0x080042d6   0x080042d6   0x00000002   PAD
    0x080042d8   0x080042d8   0x000003be   Code   RO          111    .text.HAL_UART_MspInit  usart.o
    0x08004696   0x08004696   0x00000002   PAD
    0x08004698   0x08004698   0x00000008   Code   RO         1199    .text.HAL_UART_RxCpltCallback  stm32f4xx_hal_uart.o
    0x080046a0   0x080046a0   0x00000008   Code   RO         1201    .text.HAL_UART_RxHalfCpltCallback  stm32f4xx_hal_uart.o
    0x080046a8   0x080046a8   0x000000fc   Code   RO         1125    .text.HAL_UART_Transmit_DMA  stm32f4xx_hal_uart.o
    0x080047a4   0x080047a4   0x00000008   Code   RO         1195    .text.HAL_UART_TxCpltCallback  stm32f4xx_hal_uart.o
    0x080047ac   0x080047ac   0x00000008   Code   RO         1197    .text.HAL_UART_TxHalfCpltCallback  stm32f4xx_hal_uart.o
    0x080047b4   0x080047b4   0x00000004   Code   RO          133    .text.HardFault_Handler  stm32f4xx_it.o
    0x080047b8   0x080047b8   0x0000038c   Code   RO         1521    .text.Invoke        invoke.o
    0x08004b44   0x08004b44   0x0000004e   Code   RO           57    .text.MX_CAN1_Init  can.o
    0x08004b92   0x08004b92   0x00000002   PAD
    0x08004b94   0x08004b94   0x0000004e   Code   RO           59    .text.MX_CAN2_Init  can.o
    0x08004be2   0x08004be2   0x00000002   PAD
    0x08004be4   0x08004be4   0x000000bc   Code   RO           75    .text.MX_DMA_Init   dma.o
    0x08004ca0   0x08004ca0   0x000000c4   Code   RO           37    .text.MX_FREERTOS_Init  freertos.o
    0x08004d64   0x08004d64   0x000000d2   Code   RO           27    .text.MX_GPIO_Init  gpio.o
    0x08004e36   0x08004e36   0x00000002   PAD
    0x08004e38   0x08004e38   0x0000007a   Code   RO           89    .text.MX_TIM12_Init  tim.o
    0x08004eb2   0x08004eb2   0x00000002   PAD
    0x08004eb4   0x08004eb4   0x00000098   Code   RO           83    .text.MX_TIM2_Init  tim.o
    0x08004f4c   0x08004f4c   0x0000009c   Code   RO           87    .text.MX_TIM5_Init  tim.o
    0x08004fe8   0x08004fe8   0x00000040   Code   RO          105    .text.MX_UART7_Init  usart.o
    0x08005028   0x08005028   0x00000040   Code   RO          107    .text.MX_UART8_Init  usart.o
    0x08005068   0x08005068   0x00000040   Code   RO          109    .text.MX_USART6_UART_Init  usart.o
    0x080050a8   0x080050a8   0x00000004   Code   RO          135    .text.MemManage_Handler  stm32f4xx_it.o
    0x080050ac   0x080050ac   0x00000004   Code   RO          131    .text.NMI_Handler   stm32f4xx_it.o
    0x080050b0   0x080050b0   0x0000006c   Code   RO          937    .text.NVIC_EncodePriority  stm32f4xx_hal_cortex.o
    0x0800511c   0x0800511c   0x00000004   PAD
    0x08005120   0x08005120   0x00000064   Code   RO         2111    .text.PendSV_Handler  port.o
    0x08005184   0x08005184   0x00000044   Code   RO         1594    .text.Restart       boardcommunication_atoc.o
    0x080051c8   0x080051c8   0x00000058   Code   RO         1403    .text.RxEventCallback  serialcallback.o
    0x08005220   0x08005220   0x00000024   Code   RO         2095    .text.SVC_Handler   port.o
    0x08005244   0x08005244   0x00000010   Code   RO           39    .text.StartDefaultTask  freertos.o
    0x08005254   0x08005254   0x00000096   Code   RO         1622    .text.StartTask03   taskprocess.o
    0x080052ea   0x080052ea   0x00000002   PAD
    0x080052ec   0x080052ec   0x0000002e   Code   RO         2113    .text.SysTick_Handler  port.o
    0x0800531a   0x0800531a   0x00000002   PAD
    0x0800531c   0x0800531c   0x000000ca   Code   RO           13    .text.SystemClock_Config  main.o
    0x080053e6   0x080053e6   0x00000002   PAD
    0x080053e8   0x080053e8   0x00000012   Code   RO         1228    .text.SystemInit    system_stm32f4xx.o
    0x080053fa   0x080053fa   0x00000002   PAD
    0x080053fc   0x080053fc   0x00000010   Code   RO          159    .text.TIM1_UP_TIM10_IRQHandler  stm32f4xx_it.o
    0x0800540c   0x0800540c   0x00000010   Code   RO          161    .text.TIM2_IRQHandler  stm32f4xx_it.o
    0x0800541c   0x0800541c   0x00000010   Code   RO          165    .text.TIM5_IRQHandler  stm32f4xx_it.o
    0x0800542c   0x0800542c   0x00000010   Code   RO          163    .text.TIM8_BRK_TIM12_IRQHandler  stm32f4xx_it.o
    0x0800543c   0x0800543c   0x000001a4   Code   RO          218    .text.TIM_Base_SetConfig  stm32f4xx_hal_tim.o
    0x080055e0   0x080055e0   0x00000036   Code   RO          252    .text.TIM_CCxChannelCmd  stm32f4xx_hal_tim.o
    0x08005616   0x08005616   0x00000002   PAD
    0x08005618   0x08005618   0x000000ea   Code   RO          362    .text.TIM_OC1_SetConfig  stm32f4xx_hal_tim.o
    0x08005702   0x08005702   0x00000002   PAD
    0x08005704   0x08005704   0x000000f4   Code   RO          364    .text.TIM_OC2_SetConfig  stm32f4xx_hal_tim.o
    0x080057f8   0x080057f8   0x000000f2   Code   RO          366    .text.TIM_OC3_SetConfig  stm32f4xx_hal_tim.o
    0x080058ea   0x080058ea   0x00000002   PAD
    0x080058ec   0x080058ec   0x000000a4   Code   RO          368    .text.TIM_OC4_SetConfig  stm32f4xx_hal_tim.o
    0x08005990   0x08005990   0x00000010   Code   RO          181    .text.UART7_IRQHandler  stm32f4xx_it.o
    0x080059a0   0x080059a0   0x00000010   Code   RO          183    .text.UART8_IRQHandler  stm32f4xx_it.o
    0x080059b0   0x080059b0   0x0000001c   Code   RO         1185    .text.UART_DMAAbortOnError  stm32f4xx_hal_uart.o
    0x080059cc   0x080059cc   0x0000007c   Code   RO         1131    .text.UART_DMAError  stm32f4xx_hal_uart.o
    0x08005a48   0x08005a48   0x000000f4   Code   RO         1217    .text.UART_DMAReceiveCplt  stm32f4xx_hal_uart.o
    0x08005b3c   0x08005b3c   0x00000034   Code   RO         1219    .text.UART_DMARxHalfCplt  stm32f4xx_hal_uart.o
    0x08005b70   0x08005b70   0x0000007a   Code   RO         1127    .text.UART_DMATransmitCplt  stm32f4xx_hal_uart.o
    0x08005bea   0x08005bea   0x00000002   PAD
    0x08005bec   0x08005bec   0x00000016   Code   RO         1129    .text.UART_DMATxHalfCplt  stm32f4xx_hal_uart.o
    0x08005c02   0x08005c02   0x00000002   PAD
    0x08005c04   0x08005c04   0x00000094   Code   RO         1145    .text.UART_EndRxTransfer  stm32f4xx_hal_uart.o
    0x08005c98   0x08005c98   0x00000026   Code   RO         1193    .text.UART_EndTransmit_IT  stm32f4xx_hal_uart.o
    0x08005cbe   0x08005cbe   0x00000002   PAD
    0x08005cc0   0x08005cc0   0x00000036   Code   RO         1143    .text.UART_EndTxTransfer  stm32f4xx_hal_uart.o
    0x08005cf6   0x08005cf6   0x00000002   PAD
    0x08005cf8   0x08005cf8   0x00000168   Code   RO         1183    .text.UART_Receive_IT  stm32f4xx_hal_uart.o
    0x08005e60   0x08005e60   0x0000013a   Code   RO         1101    .text.UART_SetConfig  stm32f4xx_hal_uart.o
    0x08005f9a   0x08005f9a   0x00000002   PAD
    0x08005f9c   0x08005f9c   0x00000130   Code   RO         1135    .text.UART_Start_Receive_DMA  stm32f4xx_hal_uart.o
    0x080060cc   0x080060cc   0x00000094   Code   RO         1191    .text.UART_Transmit_IT  stm32f4xx_hal_uart.o
    0x08006160   0x08006160   0x00000010   Code   RO          179    .text.USART6_IRQHandler  stm32f4xx_it.o
    0x08006170   0x08006170   0x00000004   Code   RO          139    .text.UsageFault_Handler  stm32f4xx_it.o
    0x08006174   0x08006174   0x000000a0   Code   RO         1624    .text.WGD           taskprocess.o
    0x08006214   0x08006214   0x00000018   Code   RO         1468    .text._GLOBAL__sub_I_ADRC.cpp  adrc.o
    0x0800622c   0x0800622c   0x00000008   Code   RO         1421    .text._GLOBAL__sub_I_Clicker.cpp  clicker.o
    0x08006234   0x08006234   0x00000014   Code   RO         1332    .text._GLOBAL__sub_I_DJIMotor.cpp  djimotor.o
    0x08006248   0x08006248   0x00000008   Code   RO         1286    .text._GLOBAL__sub_I_DaMiao.cpp  damiao.o
    0x08006250   0x08006250   0x0000000c   Code   RO         1500    .text._GLOBAL__sub_I_Feedback.cpp  feedback.o
    0x0800625c   0x0800625c   0x00000008   Code   RO         1380    .text._GLOBAL__sub_I_IMU.cpp  imu.o
    0x08006264   0x08006264   0x00000024   Code   RO         1561    .text._GLOBAL__sub_I_PID.cpp  pid.o
    0x08006288   0x08006288   0x00000310   Code   RO         1645    .text._Z13ModeSelectionv  remoteoperation.o
    0x08006598   0x08006598   0x000000a2   Code   RO         1318    .text._Z13RmMotorRxDatav  djimotor.o
    0x0800663a   0x0800663a   0x00000002   PAD
    0x0800663c   0x0800663c   0x000000ac   Code   RO         1651    .text._Z13generate_sinef  remoteoperation.o
    0x080066e8   0x080066e8   0x0000005e   Code   RO         1328    .text._Z16DJImotorTX_0x1FFP17CAN_HandleTypeDef  djimotor.o
    0x08006746   0x08006746   0x00000002   PAD
    0x08006748   0x08006748   0x00000086   Code   RO         1326    .text._Z16DJImotorTX_0x200P17CAN_HandleTypeDef  djimotor.o
    0x080067ce   0x080067ce   0x00000002   PAD
    0x080067d0   0x080067d0   0x0000003a   Code   RO         1282    .text._Z17DaMiaoMotorRxDatav  damiao.o
    0x0800680a   0x0800680a   0x00000002   PAD
    0x0800680c   0x0800680c   0x0000018c   Code   RO         1641    .text._Z40StandardizationOfWeightsAndMeasures_DR16v  remoteoperation.o
    0x08006998   0x08006998   0x0000002e   Code   RO         2134    .text._Z5B_IMUv     buzzer.o
    0x080069c6   0x080069c6   0x00000002   PAD
    0x080069c8   0x080069c8   0x000000a0   Code   RO         2128    .text._Z6B_starv    buzzer.o
    0x08006a68   0x08006a68   0x000000a4   Code   RO         2132    .text._Z6B_stopv    buzzer.o
    0x08006b0c   0x08006b0c   0x0000008c   Code   RO         1649    .text._Z7Key_Mouv   remoteoperation.o
    0x08006b98   0x08006b98   0x00000164   Code   RO         1643    .text._Z8Judgmentv  remoteoperation.o
    0x08006cfc   0x08006cfc   0x00000024   Code   RO         2130    .text._Z8delay_msj  buzzer.o
    0x08006d20   0x08006d20   0x00000238   Code   RO         1647    .text._Z9Dead_zonev  remoteoperation.o
    0x08006f58   0x08006f58   0x0000005c   Code   RO         1596    .text._Z9vofa_sendffffff  boardcommunication_atoc.o
    0x08006fb4   0x08006fb4   0x00000050   Code   RO         1653    .text._ZN15RemoteOperation11Motortarget10mySaturateEPfff  remoteoperation.o
    0x08007004   0x08007004   0x00000320   Code   RO         1374    .text._ZN3IMU4IMU_10HI12ReciveEv  imu.o
    0x08007324   0x08007324   0x00000080   Code   RO         1376    .text._ZN3IMU4IMU_12crc16_updateEPtPKhj  imu.o
    0x080073a4   0x080073a4   0x00000016   Code   RO         1370    .text._ZN3IMU4IMU_6Init16EPh  imu.o
    0x080073ba   0x080073ba   0x00000002   PAD
    0x080073bc   0x080073bc   0x00000012   Code   RO         1372    .text._ZN3IMU4IMU_6Init32EPh  imu.o
    0x080073ce   0x080073ce   0x00000002   PAD
    0x080073d0   0x080073d0   0x000000dc   Code   RO         1378    .text._ZN3IMU4IMU_9Add_angleEv  imu.o
    0x080074ac   0x080074ac   0x00000012   Code   RO         1391    .text._ZN3IMU4IMU_C2Ev  imu.o
    0x080074be   0x080074be   0x00000002   PAD
    0x080074c0   0x080074c0   0x000001ce   Code   RO         1557    .text._ZN3PID4PID_15Double_Ring_PIDEfff  pid.o
    0x0800768e   0x0800768e   0x00000002   PAD
    0x08007690   0x08007690   0x00000094   Code   RO         1553    .text._ZN3PID4PID_24Zero_crossing_processingEff  pid.o
    0x08007724   0x08007724   0x00000058   Code   RO         1555    .text._ZN3PID4PID_9Limit_maxEPff  pid.o
    0x0800777c   0x0800777c   0x000001b0   Code   RO         1551    .text._ZN3PID4PID_9NormalPIDEff  pid.o
    0x0800792c   0x0800792c   0x00000072   Code   RO         1580    .text._ZN3PID4PID_C2Effffffffffff  pid.o
    0x0800799e   0x0800799e   0x00000002   PAD
    0x080079a0   0x080079a0   0x00000058   Code   RO         1578    .text._ZN3PID4PID_C2Ehffffffff  pid.o
    0x080079f8   0x080079f8   0x00000076   Code   RO         1464    .text._ZN4ADRC12First_LADRC_10First_LESOEf  adrc.o
    0x08007a6e   0x08007a6e   0x00000002   PAD
    0x08007a70   0x08007a70   0x00000026   Code   RO         1462    .text._ZN4ADRC12First_LADRC_10First_LSEFEv  adrc.o
    0x08007a96   0x08007a96   0x00000002   PAD
    0x08007a98   0x08007a98   0x000000ec   Code   RO         1460    .text._ZN4ADRC12First_LADRC_11First_LADRCEff  adrc.o
    0x08007b84   0x08007b84   0x00000058   Code   RO         1466    .text._ZN4ADRC12First_LADRC_9Limit_maxEPff  adrc.o
    0x08007bdc   0x08007bdc   0x00000062   Code   RO         1486    .text._ZN4ADRC12First_LADRC_C2Efffffffffff  adrc.o
    0x08007c3e   0x08007c3e   0x00000002   PAD
    0x08007c40   0x08007c40   0x0000006a   Code   RO         1452    .text._ZN4ADRC12Second_ADRC_8TdFilterEf  adrc.o
    0x08007caa   0x08007caa   0x00000002   PAD
    0x08007cac   0x08007cac   0x00000032   Code   RO         1488    .text._ZN4ADRC12Second_ADRC_C2Efffff  adrc.o
    0x08007cde   0x08007cde   0x00000002   PAD
    0x08007ce0   0x08007ce0   0x0000009c   Code   RO         1280    .text._ZN5motor11DaMiaoMotor10DataUpdateEPh  damiao.o
    0x08007d7c   0x08007d7c   0x0000005a   Code   RO         1276    .text._ZN5motor11DaMiaoMotor10DisabilityEP17CAN_HandleTypeDeft  damiao.o
    0x08007dd6   0x08007dd6   0x00000002   PAD
    0x08007dd8   0x08007dd8   0x00000034   Code   RO         1284    .text._ZN5motor11DaMiaoMotor10RemoteInitEv  damiao.o
    0x08007e0c   0x08007e0c   0x000000a8   Code   RO         1266    .text._ZN5motor11DaMiaoMotor16send_can_messageEP17CAN_HandleTypeDeftPKhh  damiao.o
    0x08007eb4   0x08007eb4   0x0000005a   Code   RO         1274    .text._ZN5motor11DaMiaoMotor6EnableEP17CAN_HandleTypeDeft  damiao.o
    0x08007f0e   0x08007f0e   0x00000002   PAD
    0x08007f10   0x08007f10   0x00000130   Code   RO         1268    .text._ZN5motor11DaMiaoMotor8ctrl_MITEP17CAN_HandleTypeDeftfffff  damiao.o
    0x08008040   0x08008040   0x0000006a   Code   RO         1300    .text._ZN5motor11DaMiaoMotorC2Effffffffffj  damiao.o
    0x080080aa   0x080080aa   0x00000002   PAD
    0x080080ac   0x080080ac   0x00000086   Code   RO         1322    .text._ZN5motor18DJIMotorController13SendMotorDataEP17CAN_HandleTypeDeftssss  djimotor.o
    0x08008132   0x08008132   0x00000002   PAD
    0x08008134   0x08008134   0x000000a8   Code   RO         1324    .text._ZN5motor18DJIMotorController16send_can_messageEP17CAN_HandleTypeDeftPKhh  djimotor.o
    0x080081dc   0x080081dc   0x00000052   Code   RO         1354    .text._ZN5motor18DJIMotorController19SendMotorData_0x1FFEP17CAN_HandleTypeDefssss  djimotor.o
    0x0800822e   0x0800822e   0x00000002   PAD
    0x08008230   0x08008230   0x00000052   Code   RO         1352    .text._ZN5motor18DJIMotorController19SendMotorData_0x200EP17CAN_HandleTypeDefssss  djimotor.o
    0x08008282   0x08008282   0x00000002   PAD
    0x08008284   0x08008284   0x00000094   Code   RO         1316    .text._ZN5motor8DJIMotor10DataUpdateEPh  djimotor.o
    0x08008318   0x08008318   0x00000110   Code   RO         1320    .text._ZN5motor8DJIMotor9Add_angleEv  djimotor.o
    0x08008428   0x08008428   0x00000016   Code   RO         1350    .text._ZN5motor8DJIMotorC2Ej  djimotor.o
    0x0800843e   0x0800843e   0x00000002   PAD
    0x08008440   0x08008440   0x000000b4   Code   RO         1419    .text._ZN7Clicker4DR1614DR16DataUpdataEPh  clicker.o
    0x080084f4   0x080084f4   0x00000038   Code   RO         1434    .text._ZN7Clicker4DR16C2Ev  clicker.o
    0x0800852c   0x0800852c   0x00000034   Code   RO         1496    .text._ZN8feedback12Acceleration32angular_acceleration_feedforwardEv  feedback.o
    0x08008560   0x08008560   0x0000000e   Code   RO         1511    .text._ZN8feedback12AccelerationC2Ev  feedback.o
    0x0800856e   0x0800856e   0x00000002   PAD
    0x08008570   0x08008570   0x00000032   Code   RO         1498    .text._ZN8feedback7gravity16gravity_feedbackEv  feedback.o
    0x080085a2   0x080085a2   0x00000002   PAD
    0x080085a4   0x080085a4   0x0000001e   Code   RO         1513    .text._ZN8feedback7gravityC2Ev  feedback.o
    0x080085c2   0x080085c2   0x00000002   PAD
    0x080085c4   0x080085c4   0x0000005e   Code   RO         1264    .text._ZNK5motor11DaMiaoMotor13float_to_uintEfffi  damiao.o
    0x08008622   0x08008622   0x00000002   PAD
    0x08008624   0x08008624   0x00000058   Code   RO         1262    .text._ZNK5motor11DaMiaoMotor13uint_to_floatEiffi  damiao.o
    0x0800867c   0x0800867c   0x00000030   Code   RO          941    .text.__NVIC_EnableIRQ  stm32f4xx_hal_cortex.o
    0x080086ac   0x080086ac   0x00000010   Code   RO          933    .text.__NVIC_GetPriorityGrouping  stm32f4xx_hal_cortex.o
    0x080086bc   0x080086bc   0x00000042   Code   RO          935    .text.__NVIC_SetPriority  stm32f4xx_hal_cortex.o
    0x080086fe   0x080086fe   0x00000002   PAD
    0x08008700   0x08008700   0x0000003c   Code   RO          929    .text.__NVIC_SetPriorityGrouping  stm32f4xx_hal_cortex.o
    0x0800873c   0x0800873c   0x0000004c   Code   RO         1260    .text.__cxx_global_var_init  damiao.o
    0x08008788   0x08008788   0x00000014   Code   RO         1308    .text.__cxx_global_var_init  djimotor.o
    0x0800879c   0x0800879c   0x00000010   Code   RO         1366    .text.__cxx_global_var_init  imu.o
    0x080087ac   0x080087ac   0x00000010   Code   RO         1417    .text.__cxx_global_var_init  clicker.o
    0x080087bc   0x080087bc   0x00000050   Code   RO         1442    .text.__cxx_global_var_init  adrc.o
    0x0800880c   0x0800880c   0x00000010   Code   RO         1492    .text.__cxx_global_var_init  feedback.o
    0x0800881c   0x0800881c   0x0000003c   Code   RO         1535    .text.__cxx_global_var_init  pid.o
    0x08008858   0x08008858   0x00000014   Code   RO         1310    .text.__cxx_global_var_init.1  djimotor.o
    0x0800886c   0x0800886c   0x0000004c   Code   RO         1444    .text.__cxx_global_var_init.1  adrc.o
    0x080088b8   0x080088b8   0x00000010   Code   RO         1494    .text.__cxx_global_var_init.1  feedback.o
    0x080088c8   0x080088c8   0x0000003c   Code   RO         1537    .text.__cxx_global_var_init.1  pid.o
    0x08008904   0x08008904   0x00000014   Code   RO         1312    .text.__cxx_global_var_init.2  djimotor.o
    0x08008918   0x08008918   0x00000030   Code   RO         1446    .text.__cxx_global_var_init.2  adrc.o
    0x08008948   0x08008948   0x0000003c   Code   RO         1539    .text.__cxx_global_var_init.2  pid.o
    0x08008984   0x08008984   0x00000014   Code   RO         1314    .text.__cxx_global_var_init.3  djimotor.o
    0x08008998   0x08008998   0x00000030   Code   RO         1448    .text.__cxx_global_var_init.3  adrc.o
    0x080089c8   0x080089c8   0x00000044   Code   RO         1541    .text.__cxx_global_var_init.3  pid.o
    0x08008a0c   0x08008a0c   0x00000030   Code   RO         1450    .text.__cxx_global_var_init.4  adrc.o
    0x08008a3c   0x08008a3c   0x0000004c   Code   RO         1543    .text.__cxx_global_var_init.4  pid.o
    0x08008a88   0x08008a88   0x0000003c   Code   RO         1545    .text.__cxx_global_var_init.5  pid.o
    0x08008ac4   0x08008ac4   0x0000004c   Code   RO         1547    .text.__cxx_global_var_init.6  pid.o
    0x08008b10   0x08008b10   0x00000050   Code   RO         1549    .text.__cxx_global_var_init.7  pid.o
    0x08008b60   0x08008b60   0x00000074   Code   RO           11    .text.main          main.o
    0x08008bd4   0x08008bd4   0x00000010   Code   RO         1967    .text.osDelay       cmsis_os.o
    0x08008be4   0x08008be4   0x0000000a   Code   RO         1949    .text.osKernelStart  cmsis_os.o
    0x08008bee   0x08008bee   0x00000002   PAD
    0x08008bf0   0x08008bf0   0x0000005e   Code   RO         1955    .text.osThreadCreate  cmsis_os.o
    0x08008c4e   0x08008c4e   0x00000002   PAD
    0x08008c50   0x08008c50   0x0000011a   Code   RO         1829    .text.prvAddNewTaskToReadyList  tasks.o
    0x08008d6a   0x08008d6a   0x00000002   PAD
    0x08008d6c   0x08008d6c   0x00000096   Code   RO         1859    .text.prvIdleTask   tasks.o
    0x08008e02   0x08008e02   0x00000002   PAD
    0x08008e04   0x08008e04   0x00000028   Code   RO         2103    .text.prvPortStartFirstTask  port.o
    0x08008e2c   0x08008e2c   0x00000032   Code   RO         2093    .text.prvTaskExitError  port.o
    0x08008e5e   0x08008e5e   0x00000002   PAD
    0x08008e60   0x08008e60   0x0000019c   Code   RO         2063    .text.pvPortMalloc  heap_4.o
    0x08008ffc   0x08008ffc   0x00000024   Code   RO         2091    .text.pxPortInitialiseStack  port.o
    0x08009020   0x08009020   0x00000024   Code   RO         1718    .text.uxListRemove  list.o
    0x08009044   0x08009044   0x0000002a   Code   RO           35    .text.vApplicationGetIdleTaskMemory  freertos.o
    0x0800906e   0x0800906e   0x00000002   PAD
    0x08009070   0x08009070   0x00000016   Code   RO         1710    .text.vListInitialise  list.o
    0x08009086   0x08009086   0x00000002   PAD
    0x08009088   0x08009088   0x00000006   Code   RO         1712    .text.vListInitialiseItem  list.o
    0x0800908e   0x0800908e   0x00000002   PAD
    0x08009090   0x08009090   0x0000003a   Code   RO         1716    .text.vListInsert   list.o
    0x080090ca   0x080090ca   0x00000002   PAD
    0x080090cc   0x080090cc   0x0000001c   Code   RO         1714    .text.vListInsertEnd  list.o
    0x080090e8   0x080090e8   0x00000014   Code   RO         2101    .text.vPortEnableVFP  port.o
    0x080090fc   0x080090fc   0x00000046   Code   RO         2107    .text.vPortEnterCritical  port.o
    0x08009142   0x08009142   0x00000002   PAD
    0x08009144   0x08009144   0x0000002e   Code   RO         2109    .text.vPortExitCritical  port.o
    0x08009172   0x08009172   0x00000002   PAD
    0x08009174   0x08009174   0x000000d6   Code   RO         2065    .text.vPortFree     heap_4.o
    0x0800924a   0x0800924a   0x00000002   PAD
    0x0800924c   0x0800924c   0x00000034   Code   RO         2099    .text.vPortSetupTimerInterrupt  port.o
    0x08009280   0x08009280   0x000000c4   Code   RO         1835    .text.vTaskDelay    tasks.o
    0x08009344   0x08009344   0x00000080   Code   RO         1857    .text.vTaskStartScheduler  tasks.o
    0x080093c4   0x080093c4   0x00000010   Code   RO         1837    .text.vTaskSuspendAll  tasks.o
    0x080093d4   0x080093d4   0x00000086   Code   RO         1851    .text.vTaskSwitchContext  tasks.o
    0x0800945a   0x0800945a   0x00000002   PAD
    0x0800945c   0x0800945c   0x0000012e   Code   RO         2097    .text.xPortStartScheduler  port.o
    0x0800958a   0x0800958a   0x00000002   PAD
    0x0800958c   0x0800958c   0x000000bc   Code   RO         1831    .text.xTaskCreate   tasks.o
    0x08009648   0x08009648   0x000000ec   Code   RO         1827    .text.xTaskCreateStatic  tasks.o
    0x08009734   0x08009734   0x00000180   Code   RO         1863    .text.xTaskIncrementTick  tasks.o
    0x080098b4   0x080098b4   0x00000138   Code   RO         1841    .text.xTaskResumeAll  tasks.o
    0x080099ec   0x080099ec   0x00000026   Code   RO         2236    i.__ARM_fpclassifyf  m_wm.l(fpclassifyf.o)
    0x08009a12   0x08009a12   0x00000002   PAD
    0x08009a14   0x08009a14   0x00000190   Code   RO         2167    i.__hardfp_sinf     m_wm.l(sinf.o)
    0x08009ba4   0x08009ba4   0x00000006   Code   RO         2239    i.__mathlib_flt_infnan  m_wm.l(funder.o)
    0x08009baa   0x08009baa   0x00000002   PAD
    0x08009bac   0x08009bac   0x00000010   Code   RO         2241    i.__mathlib_flt_invalid  m_wm.l(funder.o)
    0x08009bbc   0x08009bbc   0x00000010   Code   RO         2244    i.__mathlib_flt_underflow  m_wm.l(funder.o)
    0x08009bcc   0x08009bcc   0x00000154   Code   RO         2252    i.__mathlib_rredf2  m_wm.l(rredf.o)
    0x08009d20   0x08009d20   0x0000001a   Code   RO         2279    x$fpl$fpinit        fz_wm.l(fpinit.o)
    0x08009d3a   0x08009d3a   0x00000000   Code   RO         2235    x$fpl$usenofp       fz_wm.l(usenofp.o)
    0x08009d3a   0x08009d3a   0x00000002   PAD
    0x08009d3c   0x08009d3c   0x00000020   Data   RO         2253    .constdata          m_wm.l(rredf.o)
    0x08009d5c   0x08009d5c   0x0000001c   Data   RO           46    .rodata..L__const.MX_FREERTOS_Init.os_thread_def_Buzzer  freertos.o
    0x08009d78   0x08009d78   0x0000001c   Data   RO           44    .rodata..L__const.MX_FREERTOS_Init.os_thread_def_defaultTask  freertos.o
    0x08009d94   0x08009d94   0x0000001c   Data   RO           48    .rodata..L__const.MX_FREERTOS_Init.os_thread_def_myTask03  freertos.o
    0x08009db0   0x08009db0   0x00000010   Data   RO         1233    .rodata.AHBPrescTable  system_stm32f4xx.o
    0x08009dc0   0x08009dc0   0x00000008   Data   RO         1234    .rodata.APBPrescTable  system_stm32f4xx.o
    0x08009dc8   0x08009dc8   0x00000008   Data   RO          853    .rodata.DMA_CalcBaseAndBitshift.flagBitshiftOffset  stm32f4xx_hal_dma.o
    0x08009dd0   0x08009dd0   0x0000001c   Data   RO           43    .rodata.str1.1      freertos.o
    0x08009dec   0x08009dec   0x00000020   Data   RO         2380    Region$$Table       anon$$obj.o
    0x08009e0c   0x08009e0c   0x00000004   Data   RO         1293    .init_array         damiao.o
    0x08009e10   0x08009e0c   0x00000004   Data   RO         1343    .init_array         djimotor.o
    0x08009e14   0x08009e0c   0x00000004   Data   RO         1384    .init_array         imu.o
    0x08009e18   0x08009e0c   0x00000004   Data   RO         1427    .init_array         clicker.o
    0x08009e1c   0x08009e0c   0x00000004   Data   RO         1479    .init_array         adrc.o
    0x08009e20   0x08009e0c   0x00000004   Data   RO         1504    .init_array         feedback.o
    0x08009e24   0x08009e0c   0x00000004   Data   RO         1571    .init_array         pid.o
    0x08009e28   0x08009e0c   0x00000000   Data   RO         2162    .init_array         c_w.l(init_aeabi.o)


    Execution Region RW_IRAM2 (Exec base: 0x10000000, Load base: 0x08009e38, Size: 0x00000000, Max: 0x00010000, ABSOLUTE)

    **** No section assigned to this execution region ****


    Execution Region RW_IRAM1 (Exec base: 0x20000000, Load base: 0x08009e28, Size: 0x00005700, Max: 0x00030000, ABSOLUTE)

    Exec Addr    Load Addr    Size         Type   Attr      Idx    E Section Name        Object

    0x20000000   0x08009e28   0x00000004   Data   RW         1232    .data.SystemCoreClock  system_stm32f4xx.o
    0x20000004   0x08009e2c   0x00000001   Data   RW         1603    .data.Transmit_flag  boardcommunication_atoc.o
    0x20000005   0x08009e2d   0x00000001   Data   RW         1063    .data.uwTickFreq    stm32f4xx_hal.o
    0x20000006   0x08009e2e   0x00000002   PAD
    0x20000008   0x08009e30   0x00000004   Data   RW         1062    .data.uwTickPrio    stm32f4xx_hal.o
    0x2000000c   0x08009e34   0x00000004   Data   RW         2119    .data.uxCriticalNesting  port.o
    0x20000010        -       0x00000060   Zero   RW         2282    .bss                c_w.l(libspace.o)
    0x20000070        -       0x00000004   Zero   RW           47    .bss.BuzzerHandle   freertos.o
    0x20000074        -       0x00000024   Zero   RW         1334    .bss.Can_RX         djimotor.o
    0x20000098        -       0x00000024   Zero   RW         1291    .bss.Can_RX2        damiao.o
    0x200000bc        -       0x000000f0   Zero   RW         1568    .bss.Counter_rotation_PidInstance  pid.o
    0x200001ac        -       0x00000008   Zero   RW         1336    .bss.DJI_TX_Data    djimotor.o
    0x200001b4        -       0x00000018   Zero   RW         1335    .bss.DJI_txHeader   djimotor.o
    0x200001cc        -       0x00000008   Zero   RW         1289    .bss.DaMiao_TX_Data  damiao.o
    0x200001d4        -       0x00000018   Zero   RW         1288    .bss.DaMiao_txHeader  damiao.o
    0x200001ec        -       0x00000004   Zero   RW         1602    .bss.Delay          boardcommunication_atoc.o
    0x200001f0        -       0x00000001   Zero   RW         1342    .bss.DjimotorController  djimotor.o
    0x200001f1   0x08009e38   0x00000003   PAD
    0x200001f4        -       0x00000004   Zero   RW           67    .bss.HAL_RCC_CAN1_CLK_ENABLED  can.o
    0x200001f8        -       0x00000054   Zero   RW         1383    .bss.HI12           imu.o
    0x2000024c        -       0x00000036   Zero   RW         1382    .bss.IMU_RX_Data    imu.o
    0x20000282   0x08009e38   0x00000002   PAD
    0x20000284        -       0x00000038   Zero   RW         1339    .bss.M2006_203      djimotor.o
    0x200002bc        -       0x000000f0   Zero   RW         1565    .bss.M2006_203_PidInstance  pid.o
    0x200003ac        -       0x00000004   Zero   RW         1658    .bss.M2006_203_Remove  remoteoperation.o
    0x200003b0        -       0x00000038   Zero   RW         1341    .bss.M3508_201      djimotor.o
    0x200003e8        -       0x000000f0   Zero   RW         1563    .bss.M3508_201_PidInstance  pid.o
    0x200004d8        -       0x00000004   Zero   RW         1656    .bss.M3508_201_Remove  remoteoperation.o
    0x200004dc        -       0x00000038   Zero   RW         1340    .bss.M3508_204      djimotor.o
    0x20000514        -       0x000000f0   Zero   RW         1564    .bss.M3508_204_PidInstance  pid.o
    0x20000604        -       0x00000004   Zero   RW         1657    .bss.M3508_204_Remove  remoteoperation.o
    0x20000608        -       0x0000004c   Zero   RW         1292    .bss.M4310_0x01     damiao.o
    0x20000654        -       0x000000f0   Zero   RW         1567    .bss.M4310_0x01_PidInstance  pid.o
    0x20000744        -       0x00000004   Zero   RW         1660    .bss.M4310_0x01_Remove  remoteoperation.o
    0x20000748        -       0x00000050   Zero   RW         1470    .bss.M6020          adrc.o
    0x20000798        -       0x00000038   Zero   RW         1338    .bss.M6020_206      djimotor.o
    0x200007d0        -       0x000000f0   Zero   RW         1566    .bss.M6020_206_PidInstance  pid.o
    0x200008c0        -       0x000000f0   Zero   RW         1570    .bss.M6020_206_PidInstance_Vision  pid.o
    0x200009b0        -       0x000000f0   Zero   RW         1569    .bss.M6020_206_PidInstance_speed  pid.o
    0x20000aa0        -       0x00000004   Zero   RW         1659    .bss.M6020_206_Remove  remoteoperation.o
    0x20000aa4        -       0x00000050   Zero   RW         1471    .bss.M6020_IMU      adrc.o
    0x20000af4        -       0x00000010   Zero   RW         1503    .bss.PITCH          feedback.o
    0x20000b04        -       0x0000001b   Zero   RW         1599    .bss.RX_Data        boardcommunication_atoc.o
    0x20000b1f   0x08009e38   0x00000001   PAD
    0x20000b20        -       0x00000048   Zero   RW         1472    .bss.TD_chassis_imu  adrc.o
    0x20000b68        -       0x00000048   Zero   RW         1473    .bss.TD_gimbal_x    adrc.o
    0x20000bb0        -       0x00000048   Zero   RW         1474    .bss.TD_gimbal_y    adrc.o
    0x20000bf8        -       0x00000005   Zero   RW         1598    .bss.TX_Data        boardcommunication_atoc.o
    0x20000bfd   0x08009e38   0x00000003   PAD
    0x20000c00        -       0x00000010   Zero   RW         1502    .bss.YAW            feedback.o
    0x20000c10        -       0x00000001   Zero   RW         1523    .bss._ZZ6InvokeE13cycle_counter  invoke.o
    0x20000c11   0x08009e38   0x00000003   PAD
    0x20000c14        -       0x00000004   Zero   RW         1626    .bss.accumulate     taskprocess.o
    0x20000c18        -       0x00000001   Zero   RW         1661    .bss.dead_zone_flag0  remoteoperation.o
    0x20000c19        -       0x00000001   Zero   RW         1662    .bss.dead_zone_flag1  remoteoperation.o
    0x20000c1a        -       0x00000001   Zero   RW         1663    .bss.dead_zone_flag2  remoteoperation.o
    0x20000c1b        -       0x00000001   Zero   RW         1664    .bss.dead_zone_flag3  remoteoperation.o
    0x20000c1c        -       0x00000001   Zero   RW         1665    .bss.dead_zone_flag4  remoteoperation.o
    0x20000c1d   0x08009e38   0x00000003   PAD
    0x20000c20        -       0x00000004   Zero   RW           45    .bss.defaultTaskHandle  freertos.o
    0x20000c24        -       0x00000048   Zero   RW         1425    .bss.dr16           clicker.o
    0x20000c6c        -       0x00000028   Zero   RW           65    .bss.hcan1          can.o
    0x20000c94        -       0x00000028   Zero   RW           66    .bss.hcan2          can.o
    0x20000cbc        -       0x00000060   Zero   RW          118    .bss.hdma_uart7_rx  usart.o
    0x20000d1c        -       0x00000060   Zero   RW          119    .bss.hdma_uart7_tx  usart.o
    0x20000d7c        -       0x00000060   Zero   RW          120    .bss.hdma_uart8_rx  usart.o
    0x20000ddc        -       0x00000060   Zero   RW          121    .bss.hdma_uart8_tx  usart.o
    0x20000e3c        -       0x00000060   Zero   RW          122    .bss.hdma_usart6_rx  usart.o
    0x20000e9c        -       0x00000060   Zero   RW          123    .bss.hdma_usart6_tx  usart.o
    0x20000efc        -       0x00000048   Zero   RW          206    .bss.htim1          stm32f4xx_hal_timebase_tim.o
    0x20000f44        -       0x00000048   Zero   RW           97    .bss.htim12         tim.o
    0x20000f8c        -       0x00000048   Zero   RW           95    .bss.htim2          tim.o
    0x20000fd4        -       0x00000048   Zero   RW           96    .bss.htim5          tim.o
    0x2000101c        -       0x00000048   Zero   RW          117    .bss.huart6         usart.o
    0x20001064        -       0x00000048   Zero   RW          115    .bss.huart7         usart.o
    0x200010ac        -       0x00000048   Zero   RW          116    .bss.huart8         usart.o
    0x200010f4        -       0x00000004   Zero   RW         1666    .bss.i              remoteoperation.o
    0x200010f8        -       0x00000004   Zero   RW         1478    .bss.input_derivative  adrc.o
    0x200010fc        -       0x00000004   Zero   RW         1475    .bss.k_ff           adrc.o
    0x20001100        -       0x00000004   Zero   RW           49    .bss.myTask03Handle  freertos.o
    0x20001104        -       0x00000012   Zero   RW         1426    .bss.pData          clicker.o
    0x20001116   0x08009e38   0x00000002   PAD
    0x20001118        -       0x00000004   Zero   RW         1667    .bss.phase          remoteoperation.o
    0x2000111c        -       0x00000004   Zero   RW         1477    .bss.prev_input     adrc.o
    0x20001120        -       0x00000004   Zero   RW         1919    .bss.pxCurrentTCB   tasks.o
    0x20001124        -       0x00000004   Zero   RW         1935    .bss.pxDelayedTaskList  tasks.o
    0x20001128        -       0x00000004   Zero   RW         2075    .bss.pxEnd          heap_4.o
    0x2000112c        -       0x00000004   Zero   RW         1936    .bss.pxOverflowDelayedTaskList  tasks.o
    0x20001130        -       0x0000008c   Zero   RW         1920    .bss.pxReadyTasksLists  tasks.o
    0x200011bc        -       0x00000020   Zero   RW         1600    .bss.send_str2      boardcommunication_atoc.o
    0x200011dc        -       0x00000004   Zero   RW         1668    .bss.set_sin        remoteoperation.o
    0x200011e0        -       0x00000004   Zero   RW         1601    .bss.tick_e         boardcommunication_atoc.o
    0x200011e4        -       0x00000004   Zero   RW         1337    .bss.txMailbox_DJI  djimotor.o
    0x200011e8        -       0x00000004   Zero   RW         1290    .bss.txMailbox_DaMiao  damiao.o
    0x200011ec        -       0x00000004   Zero   RW         1476    .bss.u_feedforward  adrc.o
    0x200011f0        -       0x00003c00   Zero   RW         2082    .bss.ucHeap         heap_4.o
    0x20004df0        -       0x00000001   Zero   RW         2117    .bss.ucMaxSysCallPriority  port.o
    0x20004df1   0x08009e38   0x00000003   PAD
    0x20004df4        -       0x00000004   Zero   RW         2118    .bss.ulMaxPRIGROUPValue  port.o
    0x20004df8        -       0x00000004   Zero   RW         1064    .bss.uwTick         stm32f4xx_hal.o
    0x20004dfc        -       0x00000004   Zero   RW         1925    .bss.uxCurrentNumberOfTasks  tasks.o
    0x20004e00        -       0x00000004   Zero   RW         1924    .bss.uxDeletedTasksWaitingCleanUp  tasks.o
    0x20004e04        -       0x00000004   Zero   RW         1927    .bss.uxSchedulerSuspended  tasks.o
    0x20004e08        -       0x00000004   Zero   RW         1922    .bss.uxTaskNumber   tasks.o
    0x20004e0c        -       0x00000004   Zero   RW         1921    .bss.uxTopReadyPriority  tasks.o
    0x20004e10        -       0x00000001   Zero   RW         2076    .bss.xBlockAllocatedBit  heap_4.o
    0x20004e11   0x08009e38   0x00000003   PAD
    0x20004e14        -       0x00000014   Zero   RW         1938    .bss.xDelayedTaskList1  tasks.o
    0x20004e28        -       0x00000014   Zero   RW         1939    .bss.xDelayedTaskList2  tasks.o
    0x20004e3c        -       0x00000004   Zero   RW         2077    .bss.xFreeBytesRemaining  heap_4.o
    0x20004e40        -       0x00000200   Zero   RW           42    .bss.xIdleStack     freertos.o
    0x20005040        -       0x00000004   Zero   RW         1930    .bss.xIdleTaskHandle  tasks.o
    0x20005044        -       0x00000054   Zero   RW           41    .bss.xIdleTaskTCBBuffer  freertos.o
    0x20005098        -       0x00000004   Zero   RW         2079    .bss.xMinimumEverFreeBytesRemaining  heap_4.o
    0x2000509c        -       0x00000004   Zero   RW         1931    .bss.xNextTaskUnblockTime  tasks.o
    0x200050a0        -       0x00000004   Zero   RW         1937    .bss.xNumOfOverflows  tasks.o
    0x200050a4        -       0x00000004   Zero   RW         2080    .bss.xNumberOfSuccessfulAllocations  heap_4.o
    0x200050a8        -       0x00000004   Zero   RW         2081    .bss.xNumberOfSuccessfulFrees  heap_4.o
    0x200050ac        -       0x00000004   Zero   RW         1934    .bss.xPendedTicks   tasks.o
    0x200050b0        -       0x00000014   Zero   RW         1929    .bss.xPendingReadyList  tasks.o
    0x200050c4        -       0x00000004   Zero   RW         1926    .bss.xSchedulerRunning  tasks.o
    0x200050c8        -       0x00000008   Zero   RW         2078    .bss.xStart         heap_4.o
    0x200050d0        -       0x00000014   Zero   RW         1928    .bss.xSuspendedTaskList  tasks.o
    0x200050e4        -       0x00000014   Zero   RW         1923    .bss.xTasksWaitingTermination  tasks.o
    0x200050f8        -       0x00000004   Zero   RW         1932    .bss.xTickCount     tasks.o
    0x200050fc        -       0x00000004   Zero   RW         1933    .bss.xYieldPending  tasks.o
    0x20005100        -       0x00000200   Zero   RW            2    HEAP                startup_stm32f427xx.o
    0x20005300        -       0x00000400   Zero   RW            1    STACK               startup_stm32f427xx.o


==============================================================================

Image component sizes


      Code (inc. data)   RO Data    RW Data    ZI Data      Debug   Object Name

      1058         76          4          0        392       4856   adrc.o
       380          0          0          1         72      14941   boardcommunication_atoc.o
       406          0          0          0          0       2090   buzzer.o
       658          0          0          0         84       6630   can.o
       260          0          4          0         90       5515   clicker.o
       120          0          0          0          0      22410   cmsis_os.o
      1290         16          4          0        148      20490   damiao.o
      1398         34          4          0        297      19812   djimotor.o
       188          0          0          0          0       3503   dma.o
       190          4          4          0         32      15404   feedback.o
       254          0        112          0        608       2949   freertos.o
       210          0          0          0          0       1628   gpio.o
       626          0          0          0      15389       5092   heap_4.o
      1230         52          4          0        138      17076   imu.o
       908          4          0          0          1      14362   invoke.o
       150          0          0          0          0       2218   list.o
       386          0          0          0          0       5788   main.o
      1908        116          4          0       1920      19615   pid.o
       798         16          0          4          5       4074   port.o
      2512         76          0          0         37      16824   remoteoperation.o
       366          0          0          0          0      16068   serialcallback.o
        64         26        428          0       1536        852   startup_stm32f427xx.o
        92          0          0          5          4       7474   stm32f4xx_hal.o
      3202          0          0          0          0      11555   stm32f4xx_hal_can.o
       384          0          0          0          0       9847   stm32f4xx_hal_cortex.o
      2068          8          8          0          0       8499   stm32f4xx_hal_dma.o
      1006          0          0          0          0       5176   stm32f4xx_hal_gpio.o
        88          0          0          0          0       3527   stm32f4xx_hal_msp.o
       190          0          0          0          0       4463   stm32f4xx_hal_pwr_ex.o
      2730          0          0          0          0       7644   stm32f4xx_hal_rcc.o
      3388         28          0          0          0      36004   stm32f4xx_hal_tim.o
       306          0          0          0          0      15335   stm32f4xx_hal_tim_ex.o
       218          0          0          0         72       7213   stm32f4xx_hal_timebase_tim.o
      3712          0          0          0          0      20430   stm32f4xx_hal_uart.o
       358          0          0          0          0       2789   stm32f4xx_it.o
        18          0         24          4          0       2551   system_stm32f4xx.o
       310          0          0          0          4      14301   taskprocess.o
      2026          8          0          0        300      27195   tasks.o
       928          0          0          0        216       8675   tim.o
      1150          0          0          0        792       8102   usart.o
       284          0          0          0          0      14889   usercan.o

    ----------------------------------------------------------------------
     38012        464        632         16      22160     437866   Object Totals
         0          0         32          0          0          0   (incl. Generated)
       194          0          0          2         23          0   (incl. Padding)

    ----------------------------------------------------------------------

      Code (inc. data)   RO Data    RW Data    ZI Data      Debug   Library Member Name

         8          0          0          0          0         68   __main.o
         0          0          0          0          0          0   __rtentry.o
        12          0          0          0          0          0   __rtentry2.o
         6          0          0          0          0          0   __rtentry4.o
        94          8          0          0          0          0   __scatter.o
        26          0          0          0          0          0   __scatter_copy.o
        28          0          0          0          0          0   __scatter_zi.o
        22          0          0          0          0        100   _rserrno.o
        18          0          0          0          0         80   exit.o
         6          0          0          0          0        152   heapauxi.o
         0          0          0          0          0          0   indicate_semi.o
        44          8          0          0          0         80   init_aeabi.o
         2          0          0          0          0          0   libinit.o
        10          0          0          0          0          0   libinit2.o
         2          0          0          0          0          0   libshutdown.o
         2          0          0          0          0          0   libshutdown2.o
         8          4          0          0         96         68   libspace.o
       240          0          0          0          0        100   lludivv7m.o
         8          4          0          0          0         68   rt_errno_addr_intlibspace.o
        78          0          0          0          0         80   rt_memclr_w.o
       138          0          0          0          0         68   rt_memcpy_v6.o
       100          0          0          0          0         80   rt_memcpy_w.o
         2          0          0          0          0          0   rtexit.o
        10          0          0          0          0          0   rtexit2.o
        12          4          0          0          0         68   sys_exit.o
        74          0          0          0          0         80   sys_stackheap_outer.o
         2          0          0          0          0         68   use_no_semi.o
        26          0          0          0          0        116   fpinit.o
         0          0          0          0          0          0   usenofp.o
        38          0          0          0          0        116   fpclassifyf.o
        38         12          0          0          0        348   funder.o
       340         24         32          0          0        160   rredf.o
       400         56          0          0          0        212   sinf.o

    ----------------------------------------------------------------------
      1812        120         32          0         96       2112   Library Totals
        18          0          0          0          0          0   (incl. Padding)

    ----------------------------------------------------------------------

      Code (inc. data)   RO Data    RW Data    ZI Data      Debug   Library Name

       952         28          0          0         96       1160   c_w.l
        26          0          0          0          0        116   fz_wm.l
       816         92         32          0          0        836   m_wm.l

    ----------------------------------------------------------------------
      1812        120         32          0         96       2112   Library Totals

    ----------------------------------------------------------------------

==============================================================================


      Code (inc. data)   RO Data    RW Data    ZI Data      Debug   

     39824        584        664         16      22256     438246   Grand Totals
     39824        584        664         16      22256     438246   ELF Image Totals
     39824        584        664         16          0          0   ROM Totals

==============================================================================

    Total RO  Size (Code + RO Data)                40488 (  39.54kB)
    Total RW  Size (RW Data + ZI Data)             22272 (  21.75kB)
    Total ROM Size (Code + RO Data + RW Data)      40504 (  39.55kB)

==============================================================================

